Archive member included to satisfy reference by file (symbol)

c:/nxp/mcuxpressoide_11.3.0_5222/ide/plugins/com.nxp.mcuxpresso.tools.win32_11.3.0.202008311133/tools/bin/../lib/gcc/arm-none-eabi/9.3.1/../../../../arm-none-eabi/lib/thumb/v7e-m+fp/hard\libcr_nohost_nf.a(_cr__main.o)
                              ./startup/startup_mimxrt1011.o (__main)
c:/nxp/mcuxpressoide_11.3.0_5222/ide/plugins/com.nxp.mcuxpresso.tools.win32_11.3.0.202008311133/tools/bin/../lib/gcc/arm-none-eabi/9.3.1/../../../../arm-none-eabi/lib/thumb/v7e-m+fp/hard\libcr_c.a(memcpy.o)
                              ./utilities/fsl_str.o (memcpy)
c:/nxp/mcuxpressoide_11.3.0_5222/ide/plugins/com.nxp.mcuxpresso.tools.win32_11.3.0.202008311133/tools/bin/../lib/gcc/arm-none-eabi/9.3.1/../../../../arm-none-eabi/lib/thumb/v7e-m+fp/hard\libcr_c.a(memset.o)
                              ./utilities/fsl_debug_console.o (memset)
c:/nxp/mcuxpressoide_11.3.0_5222/ide/plugins/com.nxp.mcuxpresso.tools.win32_11.3.0.202008311133/tools/bin/../lib/gcc/arm-none-eabi/9.3.1/../../../../arm-none-eabi/lib/thumb/v7e-m+fp/hard\libcr_c.a(alloc.o)
                              ./drivers/fsl_common.o (malloc)
c:/nxp/mcuxpressoide_11.3.0_5222/ide/plugins/com.nxp.mcuxpresso.tools.win32_11.3.0.202008311133/tools/bin/../lib/gcc/arm-none-eabi/9.3.1/../../../../arm-none-eabi/lib/thumb/v7e-m+fp/hard\libcr_c.a(errno.o)
                              ./utilities/fsl_str.o (errno)
c:/nxp/mcuxpressoide_11.3.0_5222/ide/plugins/com.nxp.mcuxpresso.tools.win32_11.3.0.202008311133/tools/bin/../lib/gcc/arm-none-eabi/9.3.1/../../../../arm-none-eabi/lib/thumb/v7e-m+fp/hard\libcr_c.a(initio.o)
                              c:/nxp/mcuxpressoide_11.3.0_5222/ide/plugins/com.nxp.mcuxpresso.tools.win32_11.3.0.202008311133/tools/bin/../lib/gcc/arm-none-eabi/9.3.1/../../../../arm-none-eabi/lib/thumb/v7e-m+fp/hard\libcr_nohost_nf.a(_cr__main.o) (_initio)
c:/nxp/mcuxpressoide_11.3.0_5222/ide/plugins/com.nxp.mcuxpresso.tools.win32_11.3.0.202008311133/tools/bin/../lib/gcc/arm-none-eabi/9.3.1/../../../../arm-none-eabi/lib/thumb/v7e-m+fp/hard\libcr_c.a(memcmp.o)
                              ./source/flexspi_nor_edma_transfer.o (memcmp)
c:/nxp/mcuxpressoide_11.3.0_5222/ide/plugins/com.nxp.mcuxpresso.tools.win32_11.3.0.202008311133/tools/bin/../lib/gcc/arm-none-eabi/9.3.1/../../../../arm-none-eabi/lib/thumb/v7e-m+fp/hard\libcr_c.a(scanf.o)
                              ./utilities/fsl_str.o (strtoul)
c:/nxp/mcuxpressoide_11.3.0_5222/ide/plugins/com.nxp.mcuxpresso.tools.win32_11.3.0.202008311133/tools/bin/../lib/gcc/arm-none-eabi/9.3.1/../../../../arm-none-eabi/lib/thumb/v7e-m+fp/hard\libcr_c.a(setvbuf.o)
                              c:/nxp/mcuxpressoide_11.3.0_5222/ide/plugins/com.nxp.mcuxpresso.tools.win32_11.3.0.202008311133/tools/bin/../lib/gcc/arm-none-eabi/9.3.1/../../../../arm-none-eabi/lib/thumb/v7e-m+fp/hard\libcr_c.a(initio.o) (setvbuf)
c:/nxp/mcuxpressoide_11.3.0_5222/ide/plugins/com.nxp.mcuxpresso.tools.win32_11.3.0.202008311133/tools/bin/../lib/gcc/arm-none-eabi/9.3.1/../../../../arm-none-eabi/lib/thumb/v7e-m+fp/hard\libcr_c.a(strlen.o)
                              ./utilities/fsl_str.o (strlen)
c:/nxp/mcuxpressoide_11.3.0_5222/ide/plugins/com.nxp.mcuxpresso.tools.win32_11.3.0.202008311133/tools/bin/../lib/gcc/arm-none-eabi/9.3.1/../../../../arm-none-eabi/lib/thumb/v7e-m+fp/hard\libcr_c.a(ungetc.o)
                              c:/nxp/mcuxpressoide_11.3.0_5222/ide/plugins/com.nxp.mcuxpresso.tools.win32_11.3.0.202008311133/tools/bin/../lib/gcc/arm-none-eabi/9.3.1/../../../../arm-none-eabi/lib/thumb/v7e-m+fp/hard\libcr_c.a(scanf.o) (ungetc)
c:/nxp/mcuxpressoide_11.3.0_5222/ide/plugins/com.nxp.mcuxpresso.tools.win32_11.3.0.202008311133/tools/bin/../lib/gcc/arm-none-eabi/9.3.1/../../../../arm-none-eabi/lib/thumb/v7e-m+fp/hard\libcr_c.a(__fillbuf.o)
                              c:/nxp/mcuxpressoide_11.3.0_5222/ide/plugins/com.nxp.mcuxpresso.tools.win32_11.3.0.202008311133/tools/bin/../lib/gcc/arm-none-eabi/9.3.1/../../../../arm-none-eabi/lib/thumb/v7e-m+fp/hard\libcr_c.a(scanf.o) (__filbuf)
c:/nxp/mcuxpressoide_11.3.0_5222/ide/plugins/com.nxp.mcuxpresso.tools.win32_11.3.0.202008311133/tools/bin/../lib/gcc/arm-none-eabi/9.3.1/../../../../arm-none-eabi/lib/thumb/v7e-m+fp/hard\libcr_c.a(__init_alloc.o)
                              c:/nxp/mcuxpressoide_11.3.0_5222/ide/plugins/com.nxp.mcuxpresso.tools.win32_11.3.0.202008311133/tools/bin/../lib/gcc/arm-none-eabi/9.3.1/../../../../arm-none-eabi/lib/thumb/v7e-m+fp/hard\libcr_c.a(alloc.o) (__heaps)
c:/nxp/mcuxpressoide_11.3.0_5222/ide/plugins/com.nxp.mcuxpresso.tools.win32_11.3.0.202008311133/tools/bin/../lib/gcc/arm-none-eabi/9.3.1/../../../../arm-none-eabi/lib/thumb/v7e-m+fp/hard\libcr_c.a(_cr_sbrk.o)
[...]
Memory Configuration

Name             Origin             Length             Attributes
BOARD_FLASH      0x60000000         0x01000000         xr
SRAM_DTC         0x20000000         0x00008000         xrw
SRAM_ITC         0x00000000         0x00008000         xrw
SRAM_OC          0x20200000         0x00010000         xrw
NCACHE_REGION    0x20210000         0x00000000         xrw
*default*        0x00000000         0xffffffff

Linker script and memory map

                0x00000001                __ram_vector_table__ = 0x1
LOAD ./xip/evkmimxrt1010_flexspi_nor_config.o
LOAD ./xip/fsl_flexspi_nor_boot.o
LOAD ./utilities/fsl_assert.o
LOAD ./utilities/fsl_debug_console.o
LOAD ./utilities/fsl_str.o
LOAD ./startup/startup_mimxrt1011.o
LOAD ./source/flexspi_nor_edma_transfer.o
LOAD ./source/flexspi_nor_flash_ops.o
LOAD ./source/semihost_hardfault.o
LOAD ./drivers/fsl_cache.o
LOAD ./drivers/fsl_clock.o
LOAD ./drivers/fsl_common.o
LOAD ./drivers/fsl_dmamux.o
LOAD ./drivers/fsl_edma.o
LOAD ./drivers/fsl_flexspi.o
LOAD ./drivers/fsl_flexspi_edma.o
LOAD ./drivers/fsl_gpio.o
LOAD ./drivers/fsl_lpuart.o
LOAD ./device/system_MIMXRT1011.o
LOAD ./component/uart/fsl_adapter_lpuart.o
LOAD ./component/serial_manager/fsl_component_serial_manager.o
LOAD ./component/serial_manager/fsl_component_serial_port_uart.o
LOAD ./component/lists/fsl_component_generic_list.o
LOAD ./board/board.o
LOAD ./board/clock_config.o
LOAD ./board/pin_mux.o
START GROUP
LOAD c:/nxp/mcuxpressoide_11.3.0_5222/ide/plugins/com.nxp.mcuxpresso.tools.win32_11.3.0.202008311133/tools/bin/../lib/gcc/arm-none-eabi/9.3.1/../../../../arm-none-eabi/lib/thumb/v7e-m+fp/hard\libcr_nohost_nf.a
LOAD c:/nxp/mcuxpressoide_11.3.0_5222/ide/plugins/com.nxp.mcuxpresso.tools.win32_11.3.0.202008311133/tools/bin/../lib/gcc/arm-none-eabi/9.3.1/../../../../arm-none-eabi/lib/thumb/v7e-m+fp/hard\libcr_c.a
LOAD c:/nxp/mcuxpressoide_11.3.0_5222/ide/plugins/com.nxp.mcuxpresso.tools.win32_11.3.0.202008311133/tools/bin/../lib/gcc/arm-none-eabi/9.3.1/thumb/v7e-m+fp/hard\libcr_eabihelpers.a
LOAD c:/nxp/mcuxpressoide_11.3.0_5222/ide/plugins/com.nxp.mcuxpresso.tools.win32_11.3.0.202008311133/tools/bin/../lib/gcc/arm-none-eabi/9.3.1/thumb/v7e-m+fp/hard\libgcc.a
END GROUP
                0x60000000                __base_BOARD_FLASH = 0x60000000
                0x60000000                __base_Flash = 0x60000000
                0x61000000                __top_BOARD_FLASH = 0x61000000
                0x61000000                __top_Flash = 0x61000000
                0x20000000                __base_SRAM_DTC = 0x20000000
                0x20000000                __base_RAM = 0x20000000
                0x20008000                __top_SRAM_DTC = 0x20008000
                0x20008000                __top_RAM = 0x20008000
                0x00000000                __base_SRAM_ITC = 0x0
                0x00000000                __base_RAM2 = 0x0
                0x00008000                __top_SRAM_ITC = 0x8000
                0x00008000                __top_RAM2 = 0x8000
                0x20200000                __base_SRAM_OC = 0x20200000
                0x20200000                __base_RAM3 = 0x20200000
                0x20210000                __top_SRAM_OC = 0x20210000
                0x20210000                __top_RAM3 = 0x20210000
                0x20210000                __base_NCACHE_REGION = 0x20210000
                0x20210000                __base_RAM4 = 0x20210000
                0x20210000                __top_NCACHE_REGION = 0x20210000
                0x20210000                __top_RAM4 = 0x20210000

.boot_hdr       0x60000000     0x2000
 FILL mask 0xff
                0x00000400                . = 0x400
 *fill*         0x60000000      0x400 ff
                0x60000400                __boot_hdr_start__ = ABSOLUTE (.)
 *(SORT_BY_ALIGNMENT(.boot_hdr.conf))
 .boot_hdr.conf
                0x60000400      0x200 ./xip/evkmimxrt1010_flexspi_nor_config.o
                0x60000400                qspiflash_config
                0x00001000                . = 0x1000
 *fill*         0x60000600      0xa00 ff
 *(SORT_BY_ALIGNMENT(.boot_hdr.ivt))
 .boot_hdr.ivt  0x60001000       0x20 ./xip/fsl_flexspi_nor_boot.o
                0x60001000                image_vector_table
                0x00001020                . = 0x1020
 *(SORT_BY_ALIGNMENT(.boot_hdr.boot_data))
 .boot_hdr.boot_data
                0x60001020       0x10 ./xip/fsl_flexspi_nor_boot.o
                0x60001020                boot_data
                0x00001030                . = 0x1030
 *(SORT_BY_ALIGNMENT(.boot_hdr.dcd_data))
                0x60001030                __boot_hdr_end__ = ABSOLUTE (.)
                0x00002000                . = 0x2000
 *fill*         0x60001030      0xfd0 ff

.text           0x60002000     0x6054
 FILL mask 0xff
                0x60002000                __vectors_start__ = ABSOLUTE (.)
 *(SORT_BY_ALIGNMENT(.isr_vector))
 .isr_vector    0x60002000      0x180 ./startup/startup_mimxrt1011.o
                0x60002000                g_pfnVectors
                0x60002000                __Vectors
                0x60002180                . = ALIGN (0x4)
                0x60002180                __section_table_start = .
                0x60002180                __data_section_table = .
                0x60002180        0x4 LONG 0x60008054 LOADADDR (.data)
                0x60002184        0x4 LONG 0x20000000 ADDR (.data)
                0x60002188        0x4 LONG 0x2c80 SIZEOF (.data)
                0x6000218c        0x4 LONG 0x60008054 LOADADDR (.data_RAM2)
                0x60002190        0x4 LONG 0x0 ADDR (.data_RAM2)
                0x60002194        0x4 LONG 0x0 SIZEOF (.data_RAM2)
                0x60002198        0x4 LONG 0x60008054 LOADADDR (.data_RAM3)
                0x6000219c        0x4 LONG 0x20200000 ADDR (.data_RAM3)
                0x600021a0        0x4 LONG 0x0 SIZEOF (.data_RAM3)
                0x600021a4        0x4 LONG 0x60008054 LOADADDR (.data_RAM4)
                0x600021a8        0x4 LONG 0x20210000 ADDR (.data_RAM4)
                0x600021ac        0x4 LONG 0x0 SIZEOF (.data_RAM4)
                0x600021b0                __data_section_table_end = .
                0x600021b0                __bss_section_table = .
                0x600021b0        0x4 LONG 0x20002c80 ADDR (.bss)
                0x600021b4        0x4 LONG 0xae8 SIZEOF (.bss)
                0x600021b8        0x4 LONG 0x0 ADDR (.bss_RAM2)
                0x600021bc        0x4 LONG 0x0 SIZEOF (.bss_RAM2)
                0x600021c0        0x4 LONG 0x20200000 ADDR (.bss_RAM3)
                0x600021c4        0x4 LONG 0x0 SIZEOF (.bss_RAM3)
                0x600021c8        0x4 LONG 0x20210000 ADDR (.bss_RAM4)
                0x600021cc        0x4 LONG 0x0 SIZEOF (.bss_RAM4)
                0x600021d0                __bss_section_table_end = .
                0x600021d0                __section_table_end = .
 *(SORT_BY_ALIGNMENT(.after_vectors*))
 .after_vectors.reset
                0x600021d0       0x58 ./startup/startup_mimxrt1011.o
                0x600021d0                ResetISR
 .after_vectors.init_data
                0x60002228       0x1e ./startup/startup_mimxrt1011.o
                0x60002228                data_init
 .after_vectors.init_bss
                0x60002246       0x12 ./startup/startup_mimxrt1011.o
                0x60002246                bss_init
 .after_vectors
                0x60002258       0x14 ./startup/startup_mimxrt1011.o
                0x60002258                NMI_Handler
                0x6000225c                MemManage_Handler
                0x6000225e                BusFault_Handler
                0x60002260                UsageFault_Handler
                0x60002262                SVC_Handler
                0x60002264                DebugMon_Handler
                0x60002266                PendSV_Handler
                0x60002268                SysTick_Handler
                0x6000226a                SPDIF_DriverIRQHandler
                0x6000226a                FLEXRAM_DriverIRQHandler
                0x6000226a                PIT_DriverIRQHandler
                0x6000226a                ADC_ETC_IRQ3_DriverIRQHandler
                0x6000226a                USB_PHY_DriverIRQHandler
                0x6000226a                GPR_IRQ_DriverIRQHandler
                0x6000226a                TRNG_DriverIRQHandler
                0x6000226a                SAI3_RX_DriverIRQHandler
                0x6000226a                IntDefaultHandler
                0x6000226a                SRC_DriverIRQHandler
                0x6000226a                EWM_DriverIRQHandler
                0x6000226a                WDOG1_DriverIRQHandler
                0x6000226a                FLEXIO1_DriverIRQHandler
                0x6000226a                CCM_2_DriverIRQHandler
                0x6000226a                GPIO1_Combined_16_31_DriverIRQHandler
                0x6000226a                SAI1_DriverIRQHandler
                0x6000226a                DCDC_DriverIRQHandler
                0x6000226a                ADC_ETC_ERROR_IRQ_DriverIRQHandler
                0x6000226a                GPIO5_Combined_0_15_DriverIRQHandler
                0x6000226a                RTWDOG_DriverIRQHandler
                0x6000226a                GPT2_DriverIRQHandler
                0x6000226a                PWM1_1_DriverIRQHandler
                0x6000226a                Reserved71_DriverIRQHandler
                0x6000226a                ADC1_DriverIRQHandler
                0x6000226a                PWM1_0_DriverIRQHandler
                0x6000226a                DCP_DriverIRQHandler
                0x6000226a                CTI0_ERROR_DriverIRQHandler
                0x6000226a                GPT1_DriverIRQHandler
                0x6000226a                CSU_DriverIRQHandler
                0x6000226a                CTI1_ERROR_DriverIRQHandler
                0x6000226a                GPIO1_Combined_0_15_DriverIRQHandler
                0x6000226a                LPSPI2_DriverIRQHandler
                0x6000226a                CORE_DriverIRQHandler
                0x6000226a                ADC_ETC_IRQ2_DriverIRQHandler
                0x6000226a                SNVS_HP_WRAPPER_TZ_DriverIRQHandler
                0x6000226a                PWM1_FAULT_DriverIRQHandler
                0x6000226a                LPI2C1_DriverIRQHandler
                0x6000226a                SNVS_HP_WRAPPER_DriverIRQHandler
                0x6000226a                ADC_ETC_IRQ1_DriverIRQHandler
                0x6000226a                LPSPI1_DriverIRQHandler
                0x6000226a                DCP_VMI_DriverIRQHandler
                0x6000226a                GPC_DriverIRQHandler
                0x6000226a                GPIO2_Combined_0_15_DriverIRQHandler
                0x6000226a                PWM1_2_DriverIRQHandler
                0x6000226a                USB_OTG1_DriverIRQHandler
                0x6000226a                TEMP_LOW_HIGH_DriverIRQHandler
                0x6000226a                SAI3_TX_DriverIRQHandler
                0x6000226a                WDOG2_DriverIRQHandler
                0x6000226a                Reserved68_DriverIRQHandler
                0x6000226a                PMU_DriverIRQHandler
                0x6000226a                CCM_1_DriverIRQHandler
                0x6000226a                TEMP_PANIC_DriverIRQHandler
                0x6000226a                KPP_DriverIRQHandler
                0x6000226a                PWM1_3_DriverIRQHandler
                0x6000226a                Reserved70_DriverIRQHandler
                0x6000226a                LPI2C2_DriverIRQHandler
                0x6000226a                DMA_ERROR_DriverIRQHandler
                0x6000226a                ADC_ETC_IRQ0_DriverIRQHandler
                0x6000226a                XBAR1_IRQ_0_1_2_3_DriverIRQHandler
                0x6000226a                SNVS_LP_WRAPPER_DriverIRQHandler
 *(SORT_BY_ALIGNMENT(EXCLUDE_FILE(*fsl_edma.o *fsl_flexspi_edma.o *fsl_flexspi.o *flexspi_nor_flash_ops.o) .text*))
 .text.__assertion_failed
                0x6000226c       0x18 ./utilities/fsl_assert.o
                0x6000226c                __assertion_failed
 .text.DbgConsole_SendDataReliable
                0x60002284       0x50 ./utilities/fsl_debug_console.o
                0x60002284                DbgConsole_SendDataReliable
 .text.DbgConsole_Init
                0x600022d4      0x118 ./utilities/fsl_debug_console.o
                0x600022d4                DbgConsole_Init
 .text.DbgConsole_Printf
                0x600023ec       0x78 ./utilities/fsl_debug_console.o
                0x600023ec                DbgConsole_Printf
 .text.__NVIC_EnableIRQ
                0x60002464       0x3c ./source/flexspi_nor_edma_transfer.o
 .text.CLOCK_ControlGate
                0x600024a0       0x64 ./source/flexspi_nor_edma_transfer.o
 .text.DMAMUX_EnableChannel
                0x60002504       0x38 ./source/flexspi_nor_edma_transfer.o
 .text.DMAMUX_SetSource
                0x6000253c       0x44 ./source/flexspi_nor_edma_transfer.o
 .text.LPUART1_IRQHandler
                0x60002580       0x80 ./source/flexspi_nor_edma_transfer.o
                0x60002580                LPUART1_IRQHandler
 .text.BOARD_InitPins_UART4
                0x60002600       0x80 ./source/flexspi_nor_edma_transfer.o
                0x60002600                BOARD_InitPins_UART4
 .text.initSeq_ARM
                0x60002680       0xe0 ./source/flexspi_nor_edma_transfer.o
                0x60002680                initSeq_ARM
 .text.mapper_for_ARM
                0x60002760      0x784 ./source/flexspi_nor_edma_transfer.o
                0x60002760                mapper_for_ARM
 .text.convert_pos_toString
                0x60002ee4      0x104 ./source/flexspi_nor_edma_transfer.o
                0x60002ee4                convert_pos_toString
 .text.save_sequence_dataStore
                0x60002fe8       0x68 ./source/flexspi_nor_edma_transfer.o
                0x60002fe8                save_sequence_dataStore
 .text.send_info_seq
                0x60003050      0x174 ./source/flexspi_nor_edma_transfer.o
                0x60003050                send_info_seq
 .text.error_management
                0x600031c4       0x9c ./source/flexspi_nor_edma_transfer.o
                0x600031c4                error_management
 .text.consumer_fn
                0x60003260      0x150 ./source/flexspi_nor_edma_transfer.o
                0x60003260                consumer_fn
 .text.control_arm_AL5D
                0x600033b0       0x50 ./source/flexspi_nor_edma_transfer.o
                0x600033b0                control_arm_AL5D
 .text.store_buffer_SPI
                0x60003400      0x224 ./source/flexspi_nor_edma_transfer.o
                0x60003400                store_buffer_SPI
 .text.read_buffer_SPI
                0x60003624       0x24 ./source/flexspi_nor_edma_transfer.o
                0x60003624                read_buffer_SPI
 .text.main     0x60003648      0x17c ./source/flexspi_nor_edma_transfer.o
                0x60003648                main
 .text.L1CACHE_InvalidateDCacheByRange
                0x600037c4       0x68 ./drivers/fsl_cache.o
 .text.CLOCK_GetOscFreq
                0x6000382c       0x30 ./drivers/fsl_clock.o
 .text.CLOCK_InitExternalClk
                0x6000385c       0x6c ./drivers/fsl_clock.o
                0x6000385c                CLOCK_InitExternalClk
 .text.CLOCK_SwitchOsc
                0x600038c8       0x34 ./drivers/fsl_clock.o
                0x600038c8                CLOCK_SwitchOsc
 .text.CLOCK_InitRcOsc24M
                0x600038fc       0x24 ./drivers/fsl_clock.o
                0x600038fc                CLOCK_InitRcOsc24M
 .text.CLOCK_InitSysPll
                0x60003920       0x9c ./drivers/fsl_clock.o
                0x60003920                CLOCK_InitSysPll
 .text.CLOCK_DeinitAudioPll
                0x600039bc       0x1c ./drivers/fsl_clock.o
                0x600039bc                CLOCK_DeinitAudioPll
 .text.CLOCK_InitEnetPll
                0x600039d8       0x7c ./drivers/fsl_clock.o
                0x600039d8                CLOCK_InitEnetPll
 .text.CLOCK_GetPllFreq
                0x60003a54      0x1e8 ./drivers/fsl_clock.o
                0x60003a54                CLOCK_GetPllFreq
 .text.CLOCK_InitSysPfd
                0x60003c3c       0x64 ./drivers/fsl_clock.o
                0x60003c3c                CLOCK_InitSysPfd
 .text.InstallIRQHandler
                0x60003ca0       0x90 ./drivers/fsl_common.o
                0x60003ca0                InstallIRQHandler
 .text.CLOCK_ControlGate
                0x60003d30       0x64 ./drivers/fsl_dmamux.o
 .text.DMAMUX_GetInstance
                0x60003d94       0x44 ./drivers/fsl_dmamux.o
 .text.CLOCK_ControlGate
                0x60003dd8       0x64 ./drivers/fsl_lpuart.o
 .text.LPUART_GetInstance
                0x60003e3c       0x4c ./drivers/fsl_lpuart.o
                0x60003e3c                LPUART_GetInstance
 .text.LPUART_Init
                0x60003e88      0x310 ./drivers/fsl_lpuart.o
                0x60003e88                LPUART_Init
 .text.LPUART_GetDefaultConfig
                0x60004198       0x88 ./drivers/fsl_lpuart.o
                0x60004198                LPUART_GetDefaultConfig
 .text.LPUART_WriteBlocking
                0x60004220       0x68 ./drivers/fsl_lpuart.o
                0x60004220                LPUART_WriteBlocking
 .text.LPUART2_DriverIRQHandler
                0x60004288       0x28 ./drivers/fsl_lpuart.o
                0x60004288                LPUART2_DriverIRQHandler
 .text.LPUART3_DriverIRQHandler
                0x600042b0       0x28 ./drivers/fsl_lpuart.o
                0x600042b0                LPUART3_DriverIRQHandler
 .text.LPUART4_DriverIRQHandler
                0x600042d8       0x28 ./drivers/fsl_lpuart.o
                0x600042d8                LPUART4_DriverIRQHandler
 .text.SystemInit
                0x60004300      0x1d8 ./device/system_MIMXRT1011.o
                0x60004300                SystemInit
 .text.HAL_UartInit
                0x600044d8      0x100 ./component/uart/fsl_adapter_lpuart.o
                0x600044d8                HAL_UartInit
 .text.HAL_UartSendBlocking
                0x600045d8       0x64 ./component/uart/fsl_adapter_lpuart.o
                0x600045d8                HAL_UartSendBlocking
 .text.ARM_MPU_Enable
                0x6000463c       0x40 ./board/board.o
 .text.ARM_MPU_Disable
                0x6000467c       0x34 ./board/board.o
 .text.CLOCK_GetMux
                0x600046b0       0x44 ./board/board.o
 .text.CLOCK_GetDiv
                0x600046f4       0x44 ./board/board.o
 .text.CLOCK_GetOscFreq
                0x60004738       0x30 ./board/board.o
 .text.BOARD_DebugConsoleSrcFreq
                0x60004768       0x64 ./board/board.o
                0x60004768                BOARD_DebugConsoleSrcFreq
 .text.BOARD_ConfigMPU
                0x600047cc      0x2e4 ./board/board.o
                0x600047cc                BOARD_ConfigMPU
 .text.SystemInitHook
                0x60004ab0       0x20 ./board/board.o
                0x60004ab0                SystemInitHook
 .text.CLOCK_SetMux
                0x60004ad0       0x9c ./board/clock_config.o
 .text.CLOCK_SetDiv
                0x60004b6c       0x9c ./board/clock_config.o
 .text.CLOCK_ControlGate
                0x60004c08       0x64 ./board/clock_config.o
 .text.CLOCK_SetXtalFreq
                0x60004c6c       0x20 ./board/clock_config.o
 .text.CLOCK_SetRtcXtalFreq
                0x60004c8c       0x20 ./board/clock_config.o
 .text.IOMUXC_MQSConfig
                0x60004cac       0x44 ./board/clock_config.o
 .text.BOARD_BootClockRUN
                0x60004cf0      0x3c0 ./board/clock_config.o
                0x60004cf0                BOARD_BootClockRUN
 .text.CLOCK_ControlGate
                0x600050b0       0x64 ./board/pin_mux.o
 .text.BOARD_InitPins
                0x60005114      0x1e4 ./board/pin_mux.o
                0x60005114                BOARD_InitPins
 .text._initio  0x600052f8       0x78 c:/nxp/mcuxpressoide_11.3.0_5222/ide/plugins/com.nxp.mcuxpresso.tools.win32_11.3.0.202008311133/tools/bin/../lib/gcc/arm-none-eabi/9.3.1/../../../../arm-none-eabi/lib/thumb/v7e-m+fp/hard\libcr_c.a(initio.o)
                0x600052f8                _initio
 .text._Cwritebuf
                0x60005370       0x6c c:/nxp/mcuxpressoide_11.3.0_5222/ide/plugins/com.nxp.mcuxpresso.tools.win32_11.3.0.202008311133/tools/bin/../lib/gcc/arm-none-eabi/9.3.1/../../../../arm-none-eabi/lib/thumb/v7e-m+fp/hard\libcr_c.a(_writebuf.o)
                0x60005370                _Cwritebuf
 .text.fflush   0x600053dc       0x44 c:/nxp/mcuxpressoide_11.3.0_5222/ide/plugins/com.nxp.mcuxpresso.tools.win32_11.3.0.202008311133/tools/bin/../lib/gcc/arm-none-eabi/9.3.1/../../../../arm-none-eabi/lib/thumb/v7e-m+fp/hard\libcr_c.a(fflush.o)
                0x600053dc                fflush
 .text.fseek    0x60005420      0x100 c:/nxp/mcuxpressoide_11.3.0_5222/ide/plugins/com.nxp.mcuxpresso.tools.win32_11.3.0.202008311133/tools/bin/../lib/gcc/arm-none-eabi/9.3.1/../../../../arm-none-eabi/lib/thumb/v7e-m+fp/hard\libcr_c.a(fseek.o)
                0x60005420                fseek
 .text.ftell    0x60005520       0x44 c:/nxp/mcuxpressoide_11.3.0_5222/ide/plugins/com.nxp.mcuxpresso.tools.win32_11.3.0.202008311133/tools/bin/../lib/gcc/arm-none-eabi/9.3.1/../../../../arm-none-eabi/lib/thumb/v7e-m+fp/hard\libcr_c.a(ftell.o)
                0x60005520                ftell
 .text.DbgConsole_PrintCallback
                0x60005564       0x66 ./utilities/fsl_debug_console.o
 .text.PrintGetWidth
                0x600055ca       0x6a ./utilities/fsl_str.o
 .text.PrintGetPrecision
                0x60005634       0x8c ./utilities/fsl_str.o
 .text.PrintIsobpu
                0x600056c0       0x38 ./utilities/fsl_str.o
 .text.PrintIsdi
                0x600056f8       0x2c ./utilities/fsl_str.o
 .text.PrintOutputdifFobpu
                0x60005724       0x44 ./utilities/fsl_str.o
 .text.PrintOutputxX
                0x60005768       0x44 ./utilities/fsl_str.o
 .text.PrintIsfF
                0x600057ac       0x2c ./utilities/fsl_str.o
 .text.PrintIsxX
                0x600057d8       0x2c ./utilities/fsl_str.o
 .text.PrintFilterLengthFlag
                0x60005804       0x3e ./utilities/fsl_str.o
 .text.PrintGetRadixFromobpu
                0x60005842       0x40 ./utilities/fsl_str.o
 .text.ConvertRadixNumToString
                0x60005882      0x110 ./utilities/fsl_str.o
 .text.StrFormatPrintf
                0x60005992      0x290 ./utilities/fsl_str.o
                0x60005992                StrFormatPrintf
 .text.DMA0_IRQHandler
                0x60005c22        0x8 ./startup/startup_mimxrt1011.o
                0x60005c22                DMA0_IRQHandler
 .text.DMA1_IRQHandler
                0x60005c2a        0x8 ./startup/startup_mimxrt1011.o
                0x60005c2a                DMA1_IRQHandler
 .text.DMA2_IRQHandler
                0x60005c32        0x8 ./startup/startup_mimxrt1011.o
                0x60005c32                DMA2_IRQHandler
 .text.DMA3_IRQHandler
                0x60005c3a        0x8 ./startup/startup_mimxrt1011.o
                0x60005c3a                DMA3_IRQHandler
 .text.DMA4_IRQHandler
                0x60005c42        0x8 ./startup/startup_mimxrt1011.o
                0x60005c42                DMA4_IRQHandler
 .text.DMA5_IRQHandler
                0x60005c4a        0x8 ./startup/startup_mimxrt1011.o
                0x60005c4a                DMA5_IRQHandler
 .text.DMA6_IRQHandler
                0x60005c52        0x8 ./startup/startup_mimxrt1011.o
                0x60005c52                DMA6_IRQHandler
 .text.DMA7_IRQHandler
                0x60005c5a        0x8 ./startup/startup_mimxrt1011.o
                0x60005c5a                DMA7_IRQHandler
 .text.DMA8_IRQHandler
                0x60005c62        0x8 ./startup/startup_mimxrt1011.o
                0x60005c62                DMA8_IRQHandler
 .text.DMA9_IRQHandler
                0x60005c6a        0x8 ./startup/startup_mimxrt1011.o
                0x60005c6a                DMA9_IRQHandler
 .text.DMA10_IRQHandler
                0x60005c72        0x8 ./startup/startup_mimxrt1011.o
                0x60005c72                DMA10_IRQHandler
 .text.DMA11_IRQHandler
                0x60005c7a        0x8 ./startup/startup_mimxrt1011.o
                0x60005c7a                DMA11_IRQHandler
 .text.DMA12_IRQHandler
                0x60005c82        0x8 ./startup/startup_mimxrt1011.o
                0x60005c82                DMA12_IRQHandler
 .text.DMA13_IRQHandler
                0x60005c8a        0x8 ./startup/startup_mimxrt1011.o
                0x60005c8a                DMA13_IRQHandler
 .text.DMA14_IRQHandler
                0x60005c92        0x8 ./startup/startup_mimxrt1011.o
                0x60005c92                DMA14_IRQHandler
 .text.DMA15_IRQHandler
                0x60005c9a        0x8 ./startup/startup_mimxrt1011.o
                0x60005c9a                DMA15_IRQHandler
 .text.DMA_ERROR_IRQHandler
                0x60005ca2        0x8 ./startup/startup_mimxrt1011.o
                0x60005ca2                DMA_ERROR_IRQHandler
 .text.CTI0_ERROR_IRQHandler
                0x60005caa        0x8 ./startup/startup_mimxrt1011.o
                0x60005caa                CTI0_ERROR_IRQHandler
 .text.CTI1_ERROR_IRQHandler
                0x60005cb2        0x8 ./startup/startup_mimxrt1011.o
                0x60005cb2                CTI1_ERROR_IRQHandler
 .text.CORE_IRQHandler
                0x60005cba        0x8 ./startup/startup_mimxrt1011.o
                0x60005cba                CORE_IRQHandler
 .text.LPUART2_IRQHandler
                0x60005cc2        0x8 ./startup/startup_mimxrt1011.o
                0x60005cc2                LPUART2_IRQHandler
 .text.LPUART3_IRQHandler
                0x60005cca        0x8 ./startup/startup_mimxrt1011.o
                0x60005cca                LPUART3_IRQHandler
 .text.LPUART4_IRQHandler
                0x60005cd2        0x8 ./startup/startup_mimxrt1011.o
                0x60005cd2                LPUART4_IRQHandler
 .text.PIT_IRQHandler
                0x60005cda        0x8 ./startup/startup_mimxrt1011.o
                0x60005cda                PIT_IRQHandler
 .text.USB_OTG1_IRQHandler
                0x60005ce2        0x8 ./startup/startup_mimxrt1011.o
                0x60005ce2                USB_OTG1_IRQHandler
 .text.FLEXSPI_IRQHandler
                0x60005cea        0x8 ./startup/startup_mimxrt1011.o
                0x60005cea                FLEXSPI_IRQHandler
 .text.FLEXRAM_IRQHandler
                0x60005cf2        0x8 ./startup/startup_mimxrt1011.o
                0x60005cf2                FLEXRAM_IRQHandler
 .text.LPI2C1_IRQHandler
                0x60005cfa        0x8 ./startup/startup_mimxrt1011.o
                0x60005cfa                LPI2C1_IRQHandler
 .text.LPI2C2_IRQHandler
                0x60005d02        0x8 ./startup/startup_mimxrt1011.o
                0x60005d02                LPI2C2_IRQHandler
 .text.GPT1_IRQHandler
                0x60005d0a        0x8 ./startup/startup_mimxrt1011.o
                0x60005d0a                GPT1_IRQHandler
 .text.GPT2_IRQHandler
                0x60005d12        0x8 ./startup/startup_mimxrt1011.o
                0x60005d12                GPT2_IRQHandler
 .text.LPSPI1_IRQHandler
                0x60005d1a        0x8 ./startup/startup_mimxrt1011.o
                0x60005d1a                LPSPI1_IRQHandler
 .text.LPSPI2_IRQHandler
                0x60005d22        0x8 ./startup/startup_mimxrt1011.o
                0x60005d22                LPSPI2_IRQHandler
 .text.PWM1_0_IRQHandler
                0x60005d2a        0x8 ./startup/startup_mimxrt1011.o
                0x60005d2a                PWM1_0_IRQHandler
 .text.PWM1_1_IRQHandler
                0x60005d32        0x8 ./startup/startup_mimxrt1011.o
                0x60005d32                PWM1_1_IRQHandler
 .text.PWM1_2_IRQHandler
                0x60005d3a        0x8 ./startup/startup_mimxrt1011.o
                0x60005d3a                PWM1_2_IRQHandler
 .text.PWM1_3_IRQHandler
                0x60005d42        0x8 ./startup/startup_mimxrt1011.o
                0x60005d42                PWM1_3_IRQHandler
 .text.PWM1_FAULT_IRQHandler
                0x60005d4a        0x8 ./startup/startup_mimxrt1011.o
                0x60005d4a                PWM1_FAULT_IRQHandler
 .text.KPP_IRQHandler
                0x60005d52        0x8 ./startup/startup_mimxrt1011.o
                0x60005d52                KPP_IRQHandler
 .text.SRC_IRQHandler
                0x60005d5a        0x8 ./startup/startup_mimxrt1011.o
                0x60005d5a                SRC_IRQHandler
 .text.GPR_IRQ_IRQHandler
                0x60005d62        0x8 ./startup/startup_mimxrt1011.o
                0x60005d62                GPR_IRQ_IRQHandler
 .text.CCM_1_IRQHandler
                0x60005d6a        0x8 ./startup/startup_mimxrt1011.o
                0x60005d6a                CCM_1_IRQHandler
 .text.CCM_2_IRQHandler
                0x60005d72        0x8 ./startup/startup_mimxrt1011.o
                0x60005d72                CCM_2_IRQHandler
 .text.EWM_IRQHandler
                0x60005d7a        0x8 ./startup/startup_mimxrt1011.o
                0x60005d7a                EWM_IRQHandler
 .text.WDOG2_IRQHandler
                0x60005d82        0x8 ./startup/startup_mimxrt1011.o
                0x60005d82                WDOG2_IRQHandler
 .text.SNVS_HP_WRAPPER_IRQHandler
                0x60005d8a        0x8 ./startup/startup_mimxrt1011.o
                0x60005d8a                SNVS_HP_WRAPPER_IRQHandler
 .text.SNVS_HP_WRAPPER_TZ_IRQHandler
                0x60005d92        0x8 ./startup/startup_mimxrt1011.o
                0x60005d92                SNVS_HP_WRAPPER_TZ_IRQHandler
 .text.SNVS_LP_WRAPPER_IRQHandler
                0x60005d9a        0x8 ./startup/startup_mimxrt1011.o
                0x60005d9a                SNVS_LP_WRAPPER_IRQHandler
 .text.CSU_IRQHandler
                0x60005da2        0x8 ./startup/startup_mimxrt1011.o
                0x60005da2                CSU_IRQHandler
 .text.DCP_IRQHandler
                0x60005daa        0x8 ./startup/startup_mimxrt1011.o
                0x60005daa                DCP_IRQHandler
 .text.DCP_VMI_IRQHandler
                0x60005db2        0x8 ./startup/startup_mimxrt1011.o
                0x60005db2                DCP_VMI_IRQHandler
 .text.Reserved68_IRQHandler
                0x60005dba        0x8 ./startup/startup_mimxrt1011.o
                0x60005dba                Reserved68_IRQHandler
 .text.TRNG_IRQHandler
                0x60005dc2        0x8 ./startup/startup_mimxrt1011.o
                0x60005dc2                TRNG_IRQHandler
 .text.Reserved70_IRQHandler
                0x60005dca        0x8 ./startup/startup_mimxrt1011.o
                0x60005dca                Reserved70_IRQHandler
 .text.Reserved71_IRQHandler
                0x60005dd2        0x8 ./startup/startup_mimxrt1011.o
                0x60005dd2                Reserved71_IRQHandler
 .text.SAI1_IRQHandler
                0x60005dda        0x8 ./startup/startup_mimxrt1011.o
                0x60005dda                SAI1_IRQHandler
 .text.RTWDOG_IRQHandler
                0x60005de2        0x8 ./startup/startup_mimxrt1011.o
                0x60005de2                RTWDOG_IRQHandler
 .text.SAI3_RX_IRQHandler
                0x60005dea        0x8 ./startup/startup_mimxrt1011.o
                0x60005dea                SAI3_RX_IRQHandler
 .text.SAI3_TX_IRQHandler
                0x60005df2        0x8 ./startup/startup_mimxrt1011.o
                0x60005df2                SAI3_TX_IRQHandler
 .text.SPDIF_IRQHandler
                0x60005dfa        0x8 ./startup/startup_mimxrt1011.o
                0x60005dfa                SPDIF_IRQHandler
 .text.PMU_IRQHandler
                0x60005e02        0x8 ./startup/startup_mimxrt1011.o
                0x60005e02                PMU_IRQHandler
 .text.XBAR1_IRQ_0_1_2_3_IRQHandler
                0x60005e0a        0x8 ./startup/startup_mimxrt1011.o
                0x60005e0a                XBAR1_IRQ_0_1_2_3_IRQHandler
 .text.TEMP_LOW_HIGH_IRQHandler
                0x60005e12        0x8 ./startup/startup_mimxrt1011.o
                0x60005e12                TEMP_LOW_HIGH_IRQHandler
 .text.TEMP_PANIC_IRQHandler
                0x60005e1a        0x8 ./startup/startup_mimxrt1011.o
                0x60005e1a                TEMP_PANIC_IRQHandler
 .text.USB_PHY_IRQHandler
                0x60005e22        0x8 ./startup/startup_mimxrt1011.o
                0x60005e22                USB_PHY_IRQHandler
 .text.GPC_IRQHandler
                0x60005e2a        0x8 ./startup/startup_mimxrt1011.o
                0x60005e2a                GPC_IRQHandler
 .text.ADC1_IRQHandler
                0x60005e32        0x8 ./startup/startup_mimxrt1011.o
                0x60005e32                ADC1_IRQHandler
 .text.FLEXIO1_IRQHandler
                0x60005e3a        0x8 ./startup/startup_mimxrt1011.o
                0x60005e3a                FLEXIO1_IRQHandler
 .text.DCDC_IRQHandler
                0x60005e42        0x8 ./startup/startup_mimxrt1011.o
                0x60005e42                DCDC_IRQHandler
 .text.GPIO1_Combined_0_15_IRQHandler
                0x60005e4a        0x8 ./startup/startup_mimxrt1011.o
                0x60005e4a                GPIO1_Combined_0_15_IRQHandler
 .text.GPIO1_Combined_16_31_IRQHandler
                0x60005e52        0x8 ./startup/startup_mimxrt1011.o
                0x60005e52                GPIO1_Combined_16_31_IRQHandler
 .text.GPIO2_Combined_0_15_IRQHandler
                0x60005e5a        0x8 ./startup/startup_mimxrt1011.o
                0x60005e5a                GPIO2_Combined_0_15_IRQHandler
 .text.GPIO5_Combined_0_15_IRQHandler
                0x60005e62        0x8 ./startup/startup_mimxrt1011.o
                0x60005e62                GPIO5_Combined_0_15_IRQHandler
 .text.WDOG1_IRQHandler
                0x60005e6a        0x8 ./startup/startup_mimxrt1011.o
                0x60005e6a                WDOG1_IRQHandler
 .text.ADC_ETC_IRQ0_IRQHandler
                0x60005e72        0x8 ./startup/startup_mimxrt1011.o
                0x60005e72                ADC_ETC_IRQ0_IRQHandler
 .text.ADC_ETC_IRQ1_IRQHandler
                0x60005e7a        0x8 ./startup/startup_mimxrt1011.o
                0x60005e7a                ADC_ETC_IRQ1_IRQHandler
 .text.ADC_ETC_IRQ2_IRQHandler
                0x60005e82        0x8 ./startup/startup_mimxrt1011.o
                0x60005e82                ADC_ETC_IRQ2_IRQHandler
 .text.ADC_ETC_IRQ3_IRQHandler
                0x60005e8a        0x8 ./startup/startup_mimxrt1011.o
                0x60005e8a                ADC_ETC_IRQ3_IRQHandler
 .text.ADC_ETC_ERROR_IRQ_IRQHandler
                0x60005e92        0x8 ./startup/startup_mimxrt1011.o
                0x60005e92                ADC_ETC_ERROR_IRQ_IRQHandler
 .text.CLOCK_EnableClock
                0x60005e9a       0x1e ./source/flexspi_nor_edma_transfer.o
 .text.EnableIRQ
                0x60005eb8       0x32 ./source/flexspi_nor_edma_transfer.o
 .text.LPUART_WriteByte
                0x60005eea       0x1e ./source/flexspi_nor_edma_transfer.o
 .text.LPUART_ReadByte
                0x60005f08       0x6e ./source/flexspi_nor_edma_transfer.o
 .text.IOMUXC_SetPinMux
                0x60005f76       0x3a ./source/flexspi_nor_edma_transfer.o
 .text.IOMUXC_SetPinConfig
                0x60005fb0       0x26 ./source/flexspi_nor_edma_transfer.o
 .text.HardFault_Handler
                0x60005fd6       0x2c ./source/semihost_hardfault.o
                0x60005fd6                HardFault_Handler
 .text.DCACHE_InvalidateByRange
                0x60006002       0x1a ./drivers/fsl_cache.o
                0x60006002                DCACHE_InvalidateByRange
 .text.CLOCK_IsPllBypassed
                0x6000601c       0x32 ./drivers/fsl_clock.o
 .text.CLOCK_IsPllEnabled
                0x6000604e       0x3c ./drivers/fsl_clock.o
 .text.CLOCK_GetPllBypassRefClk
                0x6000608a       0x34 ./drivers/fsl_clock.o
 .text.DisableGlobalIRQ
                0x600060be       0x22 ./drivers/fsl_common.o
 .text.EnableGlobalIRQ
                0x600060e0       0x20 ./drivers/fsl_common.o
 .text.CLOCK_EnableClock
                0x60006100       0x1e ./drivers/fsl_dmamux.o
 .text.DMAMUX_Init
                0x6000611e       0x20 ./drivers/fsl_dmamux.o
                0x6000611e                DMAMUX_Init
 .text.CLOCK_EnableClock
                0x6000613e       0x1e ./drivers/fsl_lpuart.o
 .text.LPUART_SoftwareReset
                0x6000615c       0x2c ./drivers/fsl_lpuart.o
 .text.LPUART_WriteByte
                0x60006188       0x1e ./drivers/fsl_lpuart.o
 .text.add_on_LPUART_Write_StringNonBlocking
                0x600061a6       0x44 ./drivers/fsl_lpuart.o
                0x600061a6                add_on_LPUART_Write_StringNonBlocking
 .text.LPUART_EnableInterrupts
                0x600061ea       0x52 ./drivers/fsl_lpuart.o
                0x600061ea                LPUART_EnableInterrupts
 .text.LPUART_GetStatusFlags
                0x6000623c       0x2c ./drivers/fsl_lpuart.o
                0x6000623c                LPUART_GetStatusFlags
 .text.HAL_UartGetStatus
                0x60006268       0x28 ./component/uart/fsl_adapter_lpuart.o
 .text.DisableGlobalIRQ
                0x60006290       0x22 ./component/serial_manager/fsl_component_serial_manager.o
 .text.EnableGlobalIRQ
                0x600062b2       0x20 ./component/serial_manager/fsl_component_serial_manager.o
 .text.SerialManager_StartWriting
                0x600062d2       0x38 ./component/serial_manager/fsl_component_serial_manager.o
 .text.SerialManager_Write
                0x6000630a       0x44 ./component/serial_manager/fsl_component_serial_manager.o
 .text.SerialManager_Init
                0x6000634e       0x60 ./component/serial_manager/fsl_component_serial_manager.o
                0x6000634e                SerialManager_Init
 .text.SerialManager_OpenWriteHandle
                0x600063ae       0x50 ./component/serial_manager/fsl_component_serial_manager.o
                0x600063ae                SerialManager_OpenWriteHandle
 .text.SerialManager_OpenReadHandle
                0x600063fe       0x60 ./component/serial_manager/fsl_component_serial_manager.o
                0x600063fe                SerialManager_OpenReadHandle
 .text.SerialManager_WriteBlocking
                0x6000645e       0x20 ./component/serial_manager/fsl_component_serial_manager.o
                0x6000645e                SerialManager_WriteBlocking
 .text.Serial_UartInit
                0x6000647e       0x3e ./component/serial_manager/fsl_component_serial_port_uart.o
                0x6000647e                Serial_UartInit
 .text.Serial_UartWrite
                0x600064bc       0x38 ./component/serial_manager/fsl_component_serial_port_uart.o
                0x600064bc                Serial_UartWrite
 .text.BOARD_InitDebugConsole
                0x600064f4       0x22 ./board/board.o
                0x600064f4                BOARD_InitDebugConsole
 .text.CLOCK_DisableClock
                0x60006516       0x1e ./board/clock_config.o
 .text.CLOCK_SetPllBypass
                0x60006534       0x4e ./board/clock_config.o
 .text.IOMUXC_SetSaiMClkClockSource
                0x60006582       0x6c ./board/clock_config.o
 .text.BOARD_InitBootClocks
                0x600065ee        0xc ./board/clock_config.o
                0x600065ee                BOARD_InitBootClocks
 .text.CLOCK_EnableClock
                0x600065fa       0x1e ./board/pin_mux.o
 .text.IOMUXC_SetPinMux
                0x60006618       0x3a ./board/pin_mux.o
 .text.IOMUXC_SetPinConfig
                0x60006652       0x26 ./board/pin_mux.o
 .text.BOARD_InitBootPins
                0x60006678        0xc ./board/pin_mux.o
                0x60006678                BOARD_InitBootPins
 .text.__main   0x60006684        0xe c:/nxp/mcuxpressoide_11.3.0_5222/ide/plugins/com.nxp.mcuxpresso.tools.win32_11.3.0.202008311133/tools/bin/../lib/gcc/arm-none-eabi/9.3.1/../../../../arm-none-eabi/lib/thumb/v7e-m+fp/hard\libcr_nohost_nf.a(_cr__main.o)
                0x60006684                __main
 .text.memcpy   0x60006692        0x4 c:/nxp/mcuxpressoide_11.3.0_5222/ide/plugins/com.nxp.mcuxpresso.tools.win32_11.3.0.202008311133/tools/bin/../lib/gcc/arm-none-eabi/9.3.1/../../../../arm-none-eabi/lib/thumb/v7e-m+fp/hard\libcr_c.a(memcpy.o)
                0x60006692                memcpy
 .text.memset   0x60006696        0x4 c:/nxp/mcuxpressoide_11.3.0_5222/ide/plugins/com.nxp.mcuxpresso.tools.win32_11.3.0.202008311133/tools/bin/../lib/gcc/arm-none-eabi/9.3.1/../../../../arm-none-eabi/lib/thumb/v7e-m+fp/hard\libcr_c.a(memset.o)
                0x60006696                memset
 .text.free     0x6000669a       0x30 c:/nxp/mcuxpressoide_11.3.0_5222/ide/plugins/com.nxp.mcuxpresso.tools.win32_11.3.0.202008311133/tools/bin/../lib/gcc/arm-none-eabi/9.3.1/../../../../arm-none-eabi/lib/thumb/v7e-m+fp/hard\libcr_c.a(alloc.o)
                0x6000669a                free
 .text.memcmp   0x600066ca       0x44 c:/nxp/mcuxpressoide_11.3.0_5222/ide/plugins/com.nxp.mcuxpresso.tools.win32_11.3.0.202008311133/tools/bin/../lib/gcc/arm-none-eabi/9.3.1/../../../../arm-none-eabi/lib/thumb/v7e-m+fp/hard\libcr_c.a(memcmp.o)
                0x600066ca                memcmp
 .text.setvbuf  0x6000670e       0x3e c:/nxp/mcuxpressoide_11.3.0_5222/ide/plugins/com.nxp.mcuxpresso.tools.win32_11.3.0.202008311133/tools/bin/../lib/gcc/arm-none-eabi/9.3.1/../../../../arm-none-eabi/lib/thumb/v7e-m+fp/hard\libcr_c.a(setvbuf.o)
                0x6000670e                setvbuf
 .text.strlen   0x6000674c       0x4c c:/nxp/mcuxpressoide_11.3.0_5222/ide/plugins/com.nxp.mcuxpresso.tools.win32_11.3.0.202008311133/tools/bin/../lib/gcc/arm-none-eabi/9.3.1/../../../../arm-none-eabi/lib/thumb/v7e-m+fp/hard\libcr_c.a(strlen.o)
                0x6000674c                strlen
 .text._deferredlazyseek
                0x60006798       0x40 c:/nxp/mcuxpressoide_11.3.0_5222/ide/plugins/com.nxp.mcuxpresso.tools.win32_11.3.0.202008311133/tools/bin/../lib/gcc/arm-none-eabi/9.3.1/../../../../arm-none-eabi/lib/thumb/v7e-m+fp/hard\libcr_c.a(_deferredlazyseek.o)
                0x60006798                _deferredlazyseek
 .text._fdopen  0x600067d8       0x68 c:/nxp/mcuxpressoide_11.3.0_5222/ide/plugins/com.nxp.mcuxpresso.tools.win32_11.3.0.202008311133/tools/bin/../lib/gcc/arm-none-eabi/9.3.1/../../../../arm-none-eabi/lib/thumb/v7e-m+fp/hard\libcr_c.a(_fdopen.o)
                0x600067d8                _fdopen
 .text._fflush  0x60006840       0x52 c:/nxp/mcuxpressoide_11.3.0_5222/ide/plugins/com.nxp.mcuxpresso.tools.win32_11.3.0.202008311133/tools/bin/../lib/gcc/arm-none-eabi/9.3.1/../../../../arm-none-eabi/lib/thumb/v7e-m+fp/hard\libcr_c.a(_fflush.o)
                0x60006840                _fflush
 .text.fclose   0x60006892       0x58 c:/nxp/mcuxpressoide_11.3.0_5222/ide/plugins/com.nxp.mcuxpresso.tools.win32_11.3.0.202008311133/tools/bin/../lib/gcc/arm-none-eabi/9.3.1/../../../../arm-none-eabi/lib/thumb/v7e-m+fp/hard\libcr_c.a(fclose.o)
                0x60006892                fclose
 .text.remove   0x600068ea       0x14 c:/nxp/mcuxpressoide_11.3.0_5222/ide/plugins/com.nxp.mcuxpresso.tools.win32_11.3.0.202008311133/tools/bin/../lib/gcc/arm-none-eabi/9.3.1/../../../../arm-none-eabi/lib/thumb/v7e-m+fp/hard\libcr_c.a(remove.o)
                0x600068ea                remove
 .text._do_fflush
                0x600068fe       0x40 c:/nxp/mcuxpressoide_11.3.0_5222/ide/plugins/com.nxp.mcuxpresso.tools.win32_11.3.0.202008311133/tools/bin/../lib/gcc/arm-none-eabi/9.3.1/../../../../arm-none-eabi/lib/thumb/v7e-m+fp/hard\libcr_c.a(_do_fflush.o)
                0x600068fe                _do_fflush
 .text.__aeabi_division_uldivmod
                0x6000693e      0x174 c:/nxp/mcuxpressoide_11.3.0_5222/ide/plugins/com.nxp.mcuxpresso.tools.win32_11.3.0.202008311133/tools/bin/../lib/gcc/arm-none-eabi/9.3.1/thumb/v7e-m+fp/hard\libcr_eabihelpers.a(division_64.o)
                0x6000693e                __aeabi_uldivmod
                0x60006942                __bhs_ldivmod1
 .text.__aeabi_division_idiv0
                0x60006ab2        0x2 c:/nxp/mcuxpressoide_11.3.0_5222/ide/plugins/com.nxp.mcuxpresso.tools.win32_11.3.0.202008311133/tools/bin/../lib/gcc/arm-none-eabi/9.3.1/thumb/v7e-m+fp/hard\libcr_eabihelpers.a(division_idiv0.o)
                0x60006ab2                __aeabi_idiv0
 .text.__aeabi_memcpy
                0x60006ab4       0x34 c:/nxp/mcuxpressoide_11.3.0_5222/ide/plugins/com.nxp.mcuxpresso.tools.win32_11.3.0.202008311133/tools/bin/../lib/gcc/arm-none-eabi/9.3.1/thumb/v7e-m+fp/hard\libcr_eabihelpers.a(memcpy.o)
                0x60006ab4                __aeabi_memcpy
                0x60006abe                __aeabi_memcpy8
                0x60006abe                __aeabi_memcpy4
 .text.__aeabi_memset_lowlevel
                0x60006ae8       0x32 c:/nxp/mcuxpressoide_11.3.0_5222/ide/plugins/com.nxp.mcuxpresso.tools.win32_11.3.0.202008311133/tools/bin/../lib/gcc/arm-none-eabi/9.3.1/thumb/v7e-m+fp/hard\libcr_eabihelpers.a(memcpy.o)
                0x60006ae8                __aeabi_lowlevel_memset
 .text.__sys_close
                0x60006b1a        0x6 c:/nxp/mcuxpressoide_11.3.0_5222/ide/plugins/com.nxp.mcuxpresso.tools.win32_11.3.0.202008311133/tools/bin/../lib/gcc/arm-none-eabi/9.3.1/../../../../arm-none-eabi/lib/thumb/v7e-m+fp/hard\libcr_nohost_nf.a(__sys_close.o)
                0x60006b1a                __sys_close
 .text.__sys_flen
                0x60006b20        0x6 c:/nxp/mcuxpressoide_11.3.0_5222/ide/plugins/com.nxp.mcuxpresso.tools.win32_11.3.0.202008311133/tools/bin/../lib/gcc/arm-none-eabi/9.3.1/../../../../arm-none-eabi/lib/thumb/v7e-m+fp/hard\libcr_nohost_nf.a(__sys_flen.o)
                0x60006b20                __sys_flen
 .text.__sys_istty
                0x60006b26        0x6 c:/nxp/mcuxpressoide_11.3.0_5222/ide/plugins/com.nxp.mcuxpresso.tools.win32_11.3.0.202008311133/tools/bin/../lib/gcc/arm-none-eabi/9.3.1/../../../../arm-none-eabi/lib/thumb/v7e-m+fp/hard\libcr_nohost_nf.a(__sys_istty.o)
                0x60006b26                __sys_istty
 .text.__sys_remove
                0x60006b2c        0x6 c:/nxp/mcuxpressoide_11.3.0_5222/ide/plugins/com.nxp.mcuxpresso.tools.win32_11.3.0.202008311133/tools/bin/../lib/gcc/arm-none-eabi/9.3.1/../../../../arm-none-eabi/lib/thumb/v7e-m+fp/hard\libcr_nohost_nf.a(__sys_remove.o)
                0x60006b2c                __sys_remove
 .text.__sys_seek
                0x60006b32        0x6 c:/nxp/mcuxpressoide_11.3.0_5222/ide/plugins/com.nxp.mcuxpresso.tools.win32_11.3.0.202008311133/tools/bin/../lib/gcc/arm-none-eabi/9.3.1/../../../../arm-none-eabi/lib/thumb/v7e-m+fp/hard\libcr_nohost_nf.a(__sys_seek.o)
                0x60006b32                __sys_seek
 .text.__sys_tmpnam
                0x60006b38        0x6 c:/nxp/mcuxpressoide_11.3.0_5222/ide/plugins/com.nxp.mcuxpresso.tools.win32_11.3.0.202008311133/tools/bin/../lib/gcc/arm-none-eabi/9.3.1/../../../../arm-none-eabi/lib/thumb/v7e-m+fp/hard\libcr_nohost_nf.a(__sys_tmpnam.o)
                0x60006b38                __sys_tmpnam
 .text.__sys_write
                0x60006b3e        0x4 c:/nxp/mcuxpressoide_11.3.0_5222/ide/plugins/com.nxp.mcuxpresso.tools.win32_11.3.0.202008311133/tools/bin/../lib/gcc/arm-none-eabi/9.3.1/../../../../arm-none-eabi/lib/thumb/v7e-m+fp/hard\libcr_nohost_nf.a(__sys_write.o)
                0x60006b3e                __sys_write
 *fill*         0x60006b42        0x6 ff
 .text.__sys_write.__stub
                0x60006b48       0xc8 linker stubs
 *(SORT_BY_ALIGNMENT(.rodata) SORT_BY_ALIGNMENT(.rodata.*) SORT_BY_ALIGNMENT(.constdata) SORT_BY_ALIGNMENT(.constdata.*))
 *fill*         0x60006c10        0x0 ff
 .rodata.__assertion_failed.str1.4
                0x60006c10       0x14 ./utilities/fsl_assert.o
 .rodata.CLOCK_ControlGate.str1.4
                0x60006c24       0x94 ./source/flexspi_nor_edma_transfer.o
 .rodata.DMAMUX_EnableChannel.str1.4
                0x60006cb8       0xbd ./source/flexspi_nor_edma_transfer.o
 *fill*         0x60006d75        0x3 ff
 .rodata.DMAMUX_SetSource.str1.4
                0x60006d78       0xbe ./source/flexspi_nor_edma_transfer.o
 *fill*         0x60006e36        0x2 ff
 .rodata.customLUT
                0x60006e38       0xf0 ./source/flexspi_nor_edma_transfer.o
                0x60006e38                customLUT
 .rodata        0x60006f28       0x64 ./source/flexspi_nor_edma_transfer.o
 .rodata.send_info_seq.str1.4
                0x60006f8c      0x13d ./source/flexspi_nor_edma_transfer.o
                                0x141 (size before relaxing)
 *fill*         0x600070c9        0x3 ff
 .rodata.error_management.str1.4
                0x600070cc       0x82 ./source/flexspi_nor_edma_transfer.o
 *fill*         0x6000714e        0x2 ff
 .rodata.consumer_fn.str1.4
                0x60007150       0x34 ./source/flexspi_nor_edma_transfer.o
 .rodata.store_buffer_SPI.str1.4
                0x60007184       0xe0 ./source/flexspi_nor_edma_transfer.o
 .rodata.main.str1.4
                0x60007264       0x36 ./source/flexspi_nor_edma_transfer.o
 *fill*         0x6000729a        0x2 ff
 .rodata.CLOCK_SetMux.str1.4
                0x6000729c       0xa5 ./source/flexspi_nor_flash_ops.o
 *fill*         0x60007341        0x3 ff
 .rodata.CLOCK_SetDiv.str1.4
                0x60007344       0xa5 ./source/flexspi_nor_flash_ops.o
 *fill*         0x600073e9        0x3 ff
 .rodata.CLOCK_InitExternalClk.str1.4
                0x600073ec       0x22 ./drivers/fsl_clock.o
 *fill*         0x6000740e        0x2 ff
 .rodata.CLOCK_ControlGate.str1.4
                0x60007410       0x20 ./drivers/fsl_dmamux.o
 .rodata.DMAMUX_GetInstance.str1.4
                0x60007430       0x38 ./drivers/fsl_dmamux.o
 .rodata.CLOCK_ControlGate.str1.4
                0x60007468       0x20 ./drivers/fsl_edma.o
 .rodata.s_edmaIRQNumber
                0x60007468       0x10 ./drivers/fsl_edma.o
 .rodata.EDMA_GetInstance.str1.4
                0x60007478       0x34 ./drivers/fsl_edma.o
 .rodata.EDMA_InstallTCD.str1.4
                0x600074ac       0x97 ./drivers/fsl_edma.o
 *fill*         0x60007543        0x1 ff
 .rodata.EDMA_Init.str1.4
                0x60007544       0x21 ./drivers/fsl_edma.o
 *fill*         0x60007565        0x3 ff
 .rodata.EDMA_GetDefaultConfig.str1.4
                0x60007568       0x21 ./drivers/fsl_edma.o
 *fill*         0x60007589        0x3 ff
 .rodata.EDMA_SetTransferConfig.str1.4
                0x6000758c       0xa0 ./drivers/fsl_edma.o
 .rodata.EDMA_TcdReset.str1.4
                0x6000762c       0x50 ./drivers/fsl_edma.o
 .rodata.EDMA_TcdSetTransferConfig.str1.4
                0x6000767c      0x159 ./drivers/fsl_edma.o
 *fill*         0x600077d5        0x3 ff
 .rodata.EDMA_GetInstanceOffset.str1.4
                0x600077d8       0x2f ./drivers/fsl_edma.o
 *fill*         0x60007807        0x1 ff
 .rodata.EDMA_CreateHandle.str1.4
                0x60007808       0x6a ./drivers/fsl_edma.o
 *fill*         0x60007872        0x2 ff
 .rodata.EDMA_SetCallback.str1.4
                0x60007874       0x21 ./drivers/fsl_edma.o
 *fill*         0x60007895        0x3 ff
 .rodata.EDMA_TransferWidthMapping.str1.4
                0x60007898       0x18 ./drivers/fsl_edma.o
 .rodata.EDMA_PrepareTransferConfig.str1.4
                0x600078b0      0x1fb ./drivers/fsl_edma.o
 *fill*         0x60007aab        0x1 ff
 .rodata.EDMA_PrepareTransfer.str1.4
                0x60007aac       0x3d ./drivers/fsl_edma.o
 *fill*         0x60007ae9        0x3 ff
 .rodata.EDMA_SubmitTransfer.str1.4
                0x60007aec       0x46 ./drivers/fsl_edma.o
 *fill*         0x60007b32        0x2 ff
 .rodata.EDMA_StartTransfer.str1.4
                0x60007b34       0x22 ./drivers/fsl_edma.o
 *fill*         0x60007b56        0x2 ff
 .rodata.EDMA_HandleIRQ.str1.4
                0x60007b58       0x22 ./drivers/fsl_edma.o
 .rodata.CLOCK_ControlGate.str1.4
                0x60007b7a       0x20 ./drivers/fsl_flexspi.o
 *fill*         0x60007b7a        0x2 ff
 .rodata.FLEXSPI_GetInstance.str1.4
                0x60007b7c       0x3b ./drivers/fsl_flexspi.o
 *fill*         0x60007bb7        0x1 ff
 .rodata.FLEXSPI_CalculateDll.str1.4
                0x60007bb8       0x1b ./drivers/fsl_flexspi.o
 *fill*         0x60007bd3        0x1 ff
 .rodata.FLEXSPI_CheckAndClearError.str1.4
                0x60007bd4       0x1b ./drivers/fsl_flexspi.o
 *fill*         0x60007bef        0x1 ff
 .rodata.FLEXSPI_UpdateLUT.str1.4
                0x60007bf0       0x21 ./drivers/fsl_flexspi.o
 *fill*         0x60007c11        0x3 ff
 .rodata.FLEXSPI_TransferCreateHandleEDMA.str1.4
                0x60007c14       0x21 ./drivers/fsl_flexspi_edma.o
 *fill*         0x60007c35        0x3 ff
 .rodata.FLEXSPI_TransferEDMA.str1.4
                0x60007c38       0x43 ./drivers/fsl_flexspi_edma.o
 *fill*         0x60007c7b        0x1 ff
 .rodata.FLEXSPI_TransferAbortEDMA.str1.4
                0x60007c7c       0x21 ./drivers/fsl_flexspi_edma.o
 .rodata.CLOCK_ControlGate.str1.4
                0x60007c9d       0x20 ./drivers/fsl_lpuart.o
 *fill*         0x60007c9d        0x3 ff
 .rodata.s_lpuartBases
                0x60007ca0       0x14 ./drivers/fsl_lpuart.o
 .rodata.s_lpuartClock
                0x60007cb4        0xa ./drivers/fsl_lpuart.o
 *fill*         0x60007cbe        0x2 ff
 .rodata.LPUART_GetInstance.str1.4
                0x60007cc0       0x39 ./drivers/fsl_lpuart.o
 *fill*         0x60007cf9        0x3 ff
 .rodata.LPUART_Init.str1.4
                0x60007cfc      0x10c ./drivers/fsl_lpuart.o
 .rodata.LPUART_GetDefaultConfig.str1.4
                0x60007e08       0x23 ./drivers/fsl_lpuart.o
 *fill*         0x60007e2b        0x1 ff
 .rodata.LPUART_WriteBlocking.str1.4
                0x60007e2c       0x21 ./drivers/fsl_lpuart.o
 *fill*         0x60007e4d        0x3 ff
 .rodata.s_LpuartAdapterBase
                0x60007e50       0x14 ./component/uart/fsl_adapter_lpuart.o
 .rodata.HAL_UartInit.str1.4
                0x60007e64       0xf2 ./component/uart/fsl_adapter_lpuart.o
 *fill*         0x60007f56        0x2 ff
 .rodata.HAL_UartSendBlocking.str1.4
                0x60007f58       0x6b ./component/uart/fsl_adapter_lpuart.o
 *fill*         0x60007fc3        0x1 ff
 .rodata.BOARD_ConfigMPU.str1.4
                0x60007fc4       0x6a ./board/board.o
 .rodata.CLOCK_SetMux.str1.4
                0x6000802e       0xa5 ./board/clock_config.o
 .rodata.CLOCK_SetDiv.str1.4
                0x6000802e       0xa5 ./board/clock_config.o
 .rodata.CLOCK_ControlGate.str1.4
                0x6000802e       0x94 ./board/clock_config.o
 *fill*         0x6000802e        0x2 ff
 .rodata.sysPllConfig_BOARD_BootClockRUN
                0x60008030       0x14 ./board/clock_config.o
                0x60008030                sysPllConfig_BOARD_BootClockRUN
 .rodata.enetPllConfig_BOARD_BootClockRUN
                0x60008044        0x5 ./board/clock_config.o
                0x60008044                enetPllConfig_BOARD_BootClockRUN
 .rodata.CLOCK_ControlGate.str1.4
                0x60008049       0x94 ./board/pin_mux.o
 *fill*         0x60008049        0x3 ff
 .rodata.__num_Ciob_streams
                0x6000804c        0x4 c:/nxp/mcuxpressoide_11.3.0_5222/ide/plugins/com.nxp.mcuxpresso.tools.win32_11.3.0.202008311133/tools/bin/../lib/gcc/arm-none-eabi/9.3.1/../../../../arm-none-eabi/lib/thumb/v7e-m+fp/hard\libcr_nohost_nf.a(__ciob.o)
                0x6000804c                __num_Ciob_streams
 .rodata._initio.str1.1
                0x60008050        0x4 c:/nxp/mcuxpressoide_11.3.0_5222/ide/plugins/com.nxp.mcuxpresso.tools.win32_11.3.0.202008311133/tools/bin/../lib/gcc/arm-none-eabi/9.3.1/../../../../arm-none-eabi/lib/thumb/v7e-m+fp/hard\libcr_c.a(initio.o)
                0x60008054                . = ALIGN (0x4)

.glue_7         0x60008054        0x0
 .glue_7        0x60008054        0x0 linker stubs

.glue_7t        0x60008054        0x0
 .glue_7t       0x60008054        0x0 linker stubs

.vfp11_veneer   0x60008054        0x0
 .vfp11_veneer  0x60008054        0x0 linker stubs

.v4_bx          0x60008054        0x0
 .v4_bx         0x60008054        0x0 linker stubs

.iplt           0x60008054        0x0
 .iplt          0x60008054        0x0 ./xip/evkmimxrt1010_flexspi_nor_config.o

.rel.dyn        0x60008054        0x0
 .rel.iplt      0x60008054        0x0 ./xip/evkmimxrt1010_flexspi_nor_config.o

.ARM.extab
 *(SORT_BY_ALIGNMENT(.ARM.extab*) SORT_BY_ALIGNMENT(.gnu.linkonce.armextab.*))

.ARM.exidx      0x60008054        0x0
                0x60008054                __exidx_start = .
 *(SORT_BY_ALIGNMENT(.ARM.exidx*) SORT_BY_ALIGNMENT(.gnu.linkonce.armexidx.*))
                0x60008054                __exidx_end = .
                0x60008054                _etext = .

.data_RAM2      0x00000000        0x0 load address 0x60008054
 FILL mask 0xff
                [!provide]                PROVIDE (__start_data_RAM2 = .)
                [!provide]                PROVIDE (__start_data_SRAM_ITC = .)
 *(SORT_BY_ALIGNMENT(.ramfunc.$RAM2))
 *(SORT_BY_ALIGNMENT(.ramfunc.$SRAM_ITC))
 *(SORT_BY_ALIGNMENT(.data.$RAM2))
 *(SORT_BY_ALIGNMENT(.data.$SRAM_ITC))
 *(SORT_BY_ALIGNMENT(.data.$RAM2.*))
 *(SORT_BY_ALIGNMENT(.data.$SRAM_ITC.*))
                0x00000000                . = ALIGN (0x4)
                [!provide]                PROVIDE (__end_data_RAM2 = .)
                [!provide]                PROVIDE (__end_data_SRAM_ITC = .)

.data_RAM3      0x20200000        0x0 load address 0x60008054
 FILL mask 0xff
                [!provide]                PROVIDE (__start_data_RAM3 = .)
                [!provide]                PROVIDE (__start_data_SRAM_OC = .)
 *(SORT_BY_ALIGNMENT(.ramfunc.$RAM3))
 *(SORT_BY_ALIGNMENT(.ramfunc.$SRAM_OC))
 *(SORT_BY_ALIGNMENT(.data.$RAM3))
 *(SORT_BY_ALIGNMENT(.data.$SRAM_OC))
 *(SORT_BY_ALIGNMENT(.data.$RAM3.*))
 *(SORT_BY_ALIGNMENT(.data.$SRAM_OC.*))
                0x20200000                . = ALIGN (0x4)
                [!provide]                PROVIDE (__end_data_RAM3 = .)
                [!provide]                PROVIDE (__end_data_SRAM_OC = .)

.data_RAM4      0x20210000        0x0 load address 0x60008054
 FILL mask 0xff
                [!provide]                PROVIDE (__start_data_RAM4 = .)
                [!provide]                PROVIDE (__start_data_NCACHE_REGION = .)
 *(SORT_BY_ALIGNMENT(.ramfunc.$RAM4))
 *(SORT_BY_ALIGNMENT(.ramfunc.$NCACHE_REGION))
 *(SORT_BY_ALIGNMENT(.data.$RAM4))
 *(SORT_BY_ALIGNMENT(.data.$NCACHE_REGION))
 *(SORT_BY_ALIGNMENT(.data.$RAM4.*))
 *(SORT_BY_ALIGNMENT(.data.$NCACHE_REGION.*))
                0x20210000                . = ALIGN (0x4)
                [!provide]                PROVIDE (__end_data_RAM4 = .)
                [!provide]                PROVIDE (__end_data_NCACHE_REGION = .)

.uninit_RESERVED
                0x20000000        0x0
                0x20000000                _start_uninit_RESERVED = .
 *(SORT_BY_ALIGNMENT(.bss.$RESERVED*))
                0x20000000                . = ALIGN (0x4)
                0x20000000                _end_uninit_RESERVED = .
                0x00000180                M_VECTOR_RAM_SIZE = 0x180

.data           0x20000000     0x2c80 load address 0x60008054
 FILL mask 0xff
                0x20000000                _data = .
 *(SORT_BY_ALIGNMENT(vtable))
 *(SORT_BY_ALIGNMENT(.ramfunc*))
 *(SORT_BY_ALIGNMENT(CodeQuickAccess))
 *(SORT_BY_ALIGNMENT(DataQuickAccess))
 *flexspi_nor_flash_ops.o(SORT_BY_ALIGNMENT(.text) SORT_BY_ALIGNMENT(.text*) SORT_BY_ALIGNMENT(.rodata) SORT_BY_ALIGNMENT(.rodata*))
 .text.CLOCK_SetMux
                0x20000000       0x9c ./source/flexspi_nor_flash_ops.o
 .text.CLOCK_SetDiv
                0x2000009c       0x9c ./source/flexspi_nor_flash_ops.o
 .text.flexspi_clock_init
                0x20000138       0x28 ./source/flexspi_nor_flash_ops.o
 .text.flexspi_callback
                0x20000160       0x2c ./source/flexspi_nor_flash_ops.o
 .text.flexspi_nor_flash_page_program
                0x2000018c       0xb4 ./source/flexspi_nor_flash_ops.o
                0x2000018c                flexspi_nor_flash_page_program
 .text.flexspi_nor_flash_init
                0x20000240      0x1bc ./source/flexspi_nor_flash_ops.o
                0x20000240                flexspi_nor_flash_init
 .text.FLEXSPI_SoftwareReset
                0x200003fc       0x30 ./source/flexspi_nor_flash_ops.o
 .text.FLEXSPI_GetBusIdleStatus
                0x2000042c       0x3c ./source/flexspi_nor_flash_ops.o
 .text.flexspi_nor_write_enable
                0x20000468       0x36 ./source/flexspi_nor_flash_ops.o
                0x20000468                flexspi_nor_write_enable
 .text.flexspi_nor_wait_bus_busy
                0x2000049e       0x68 ./source/flexspi_nor_flash_ops.o
                0x2000049e                flexspi_nor_wait_bus_busy
 .text.flexspi_nor_enable_quad_mode
                0x20000506       0x92 ./source/flexspi_nor_flash_ops.o
                0x20000506                flexspi_nor_enable_quad_mode
 .text.flexspi_nor_flash_erase_sector
                0x20000598       0x9e ./source/flexspi_nor_flash_ops.o
                0x20000598                flexspi_nor_flash_erase_sector
 .text.flexspi_nor_get_vendor_id
                0x20000636       0x60 ./source/flexspi_nor_flash_ops.o
                0x20000636                flexspi_nor_get_vendor_id
 *fsl_flexspi.o(SORT_BY_ALIGNMENT(.text) SORT_BY_ALIGNMENT(.text*) SORT_BY_ALIGNMENT(.rodata) SORT_BY_ALIGNMENT(.rodata*))
 *fill*         0x20000696        0x2 ff
 .text.CLOCK_ControlGate
                0x20000698       0x64 ./drivers/fsl_flexspi.o
 .text.FLEXSPI_GetInstance
                0x200006fc       0x44 ./drivers/fsl_flexspi.o
                0x200006fc                FLEXSPI_GetInstance
 .text.FLEXSPI_CalculateDll
                0x20000740       0xc0 ./drivers/fsl_flexspi.o
 .text.FLEXSPI_CheckAndClearError
                0x20000800       0x90 ./drivers/fsl_flexspi.o
                0x20000800                FLEXSPI_CheckAndClearError
 .text.FLEXSPI_Init
                0x20000890      0x274 ./drivers/fsl_flexspi.o
                0x20000890                FLEXSPI_Init
 .text.FLEXSPI_SetFlashConfig
                0x20000b04      0x1d4 ./drivers/fsl_flexspi.o
                0x20000b04                FLEXSPI_SetFlashConfig
 .text.FLEXSPI_UpdateLUT
                0x20000cd8       0x8c ./drivers/fsl_flexspi.o
                0x20000cd8                FLEXSPI_UpdateLUT
 .text.FLEXSPI_DriverIRQHandler
                0x20000d64       0x28 ./drivers/fsl_flexspi.o
                0x20000d64                FLEXSPI_DriverIRQHandler
 .text.CLOCK_EnableClock
                0x20000d8c       0x1e ./drivers/fsl_flexspi.o
 .text.FLEXSPI_SoftwareReset
                0x20000daa       0x30 ./drivers/fsl_flexspi.o
 .text.FLEXSPI_ClearInterruptStatusFlags
                0x20000dda       0x22 ./drivers/fsl_flexspi.o
 .text.FLEXSPI_GetBusIdleStatus
                0x20000dfc       0x3c ./drivers/fsl_flexspi.o
 .text.FLEXSPI_GetDefaultConfig
                0x20000e38      0x13e ./drivers/fsl_flexspi.o
                0x20000e38                FLEXSPI_GetDefaultConfig
 .text.FLEXSPI_UpdateDllValue
                0x20000f76       0x9a ./drivers/fsl_flexspi.o
                0x20000f76                FLEXSPI_UpdateDllValue
 .text.FLEXSPI_WriteBlocking
                0x20001010       0xd4 ./drivers/fsl_flexspi.o
                0x20001010                FLEXSPI_WriteBlocking
 .text.FLEXSPI_ReadBlocking
                0x200010e4      0x132 ./drivers/fsl_flexspi.o
                0x200010e4                FLEXSPI_ReadBlocking
 .text.FLEXSPI_TransferBlocking
                0x20001216      0x12e ./drivers/fsl_flexspi.o
                0x20001216                FLEXSPI_TransferBlocking
 *fsl_edma.o(SORT_BY_ALIGNMENT(.text) SORT_BY_ALIGNMENT(.text*) SORT_BY_ALIGNMENT(.rodata) SORT_BY_ALIGNMENT(.rodata*))
 .text.__NVIC_EnableIRQ
                0x20001344       0x3c ./drivers/fsl_edma.o
 .text.CLOCK_ControlGate
                0x20001380       0x64 ./drivers/fsl_edma.o
 .text.EDMA_GetInstance
                0x200013e4       0x44 ./drivers/fsl_edma.o
 .text.EDMA_InstallTCD
                0x20001428      0x148 ./drivers/fsl_edma.o
                0x20001428                EDMA_InstallTCD
 .text.EDMA_Init
                0x20001570       0x94 ./drivers/fsl_edma.o
                0x20001570                EDMA_Init
 .text.EDMA_GetDefaultConfig
                0x20001604       0x44 ./drivers/fsl_edma.o
                0x20001604                EDMA_GetDefaultConfig
 .text.EDMA_SetTransferConfig
                0x20001648       0x60 ./drivers/fsl_edma.o
                0x20001648                EDMA_SetTransferConfig
 .text.EDMA_TcdReset
                0x200016a8       0x78 ./drivers/fsl_edma.o
                0x200016a8                EDMA_TcdReset
 .text.EDMA_TcdSetTransferConfig
                0x20001720      0x12c ./drivers/fsl_edma.o
                0x20001720                EDMA_TcdSetTransferConfig
 .text.EDMA_GetInstanceOffset
                0x2000184c       0x48 ./drivers/fsl_edma.o
 .text.EDMA_CreateHandle
                0x20001894       0xe0 ./drivers/fsl_edma.o
                0x20001894                EDMA_CreateHandle
 .text.EDMA_SetCallback
                0x20001974       0x30 ./drivers/fsl_edma.o
                0x20001974                EDMA_SetCallback
 .text.EDMA_TransferWidthMapping
                0x200019a4       0xd0 ./drivers/fsl_edma.o
 .text.EDMA_PrepareTransferConfig
                0x20001a74      0x134 ./drivers/fsl_edma.o
                0x20001a74                EDMA_PrepareTransferConfig
 .text.EDMA_PrepareTransfer
                0x20001ba8       0xa4 ./drivers/fsl_edma.o
                0x20001ba8                EDMA_PrepareTransfer
 .text.EDMA_SubmitTransfer
                0x20001c4c      0x304 ./drivers/fsl_edma.o
                0x20001c4c                EDMA_SubmitTransfer
 .text.EDMA_StartTransfer
                0x20001f50       0xb0 ./drivers/fsl_edma.o
                0x20001f50                EDMA_StartTransfer
 .text.EDMA_HandleIRQ
                0x20002000      0x180 ./drivers/fsl_edma.o
                0x20002000                EDMA_HandleIRQ
 .text.DMA0_DriverIRQHandler
                0x20002180       0x1c ./drivers/fsl_edma.o
                0x20002180                DMA0_DriverIRQHandler
 .text.DMA1_DriverIRQHandler
                0x2000219c       0x1c ./drivers/fsl_edma.o
                0x2000219c                DMA1_DriverIRQHandler
 .text.DMA2_DriverIRQHandler
                0x200021b8       0x1c ./drivers/fsl_edma.o
                0x200021b8                DMA2_DriverIRQHandler
 .text.DMA3_DriverIRQHandler
                0x200021d4       0x1c ./drivers/fsl_edma.o
                0x200021d4                DMA3_DriverIRQHandler
 .text.DMA4_DriverIRQHandler
                0x200021f0       0x1c ./drivers/fsl_edma.o
                0x200021f0                DMA4_DriverIRQHandler
 .text.DMA5_DriverIRQHandler
                0x2000220c       0x1c ./drivers/fsl_edma.o
                0x2000220c                DMA5_DriverIRQHandler
 .text.DMA6_DriverIRQHandler
                0x20002228       0x1c ./drivers/fsl_edma.o
                0x20002228                DMA6_DriverIRQHandler
 .text.DMA7_DriverIRQHandler
                0x20002244       0x1c ./drivers/fsl_edma.o
                0x20002244                DMA7_DriverIRQHandler
 .text.DMA8_DriverIRQHandler
                0x20002260       0x1c ./drivers/fsl_edma.o
                0x20002260                DMA8_DriverIRQHandler
 .text.DMA9_DriverIRQHandler
                0x2000227c       0x1c ./drivers/fsl_edma.o
                0x2000227c                DMA9_DriverIRQHandler
 .text.DMA10_DriverIRQHandler
                0x20002298       0x1c ./drivers/fsl_edma.o
                0x20002298                DMA10_DriverIRQHandler
 .text.DMA11_DriverIRQHandler
                0x200022b4       0x1c ./drivers/fsl_edma.o
                0x200022b4                DMA11_DriverIRQHandler
 .text.DMA12_DriverIRQHandler
                0x200022d0       0x1c ./drivers/fsl_edma.o
                0x200022d0                DMA12_DriverIRQHandler
 .text.DMA13_DriverIRQHandler
                0x200022ec       0x1c ./drivers/fsl_edma.o
                0x200022ec                DMA13_DriverIRQHandler
 .text.DMA14_DriverIRQHandler
                0x20002308       0x1c ./drivers/fsl_edma.o
                0x20002308                DMA14_DriverIRQHandler
 .text.DMA15_DriverIRQHandler
                0x20002324       0x1c ./drivers/fsl_edma.o
                0x20002324                DMA15_DriverIRQHandler
 .text.CLOCK_EnableClock
                0x20002340       0x1e ./drivers/fsl_edma.o
 .text.EnableIRQ
                0x2000235e       0x32 ./drivers/fsl_edma.o
 .text.DisableGlobalIRQ
                0x20002390       0x22 ./drivers/fsl_edma.o
 .text.EnableGlobalIRQ
                0x200023b2       0x20 ./drivers/fsl_edma.o
 .text.EDMA_AbortTransfer
                0x200023d2       0x96 ./drivers/fsl_edma.o
                0x200023d2                EDMA_AbortTransfer
 *fsl_flexspi_edma.o(SORT_BY_ALIGNMENT(.text) SORT_BY_ALIGNMENT(.text*) SORT_BY_ALIGNMENT(.rodata) SORT_BY_ALIGNMENT(.rodata*))
 .text.FLEXSPI_TransferCreateHandleEDMA
                0x20002468       0x78 ./drivers/fsl_flexspi_edma.o
                0x20002468                FLEXSPI_TransferCreateHandleEDMA
 .text.FLEXSPI_TransferEDMA
                0x200024e0      0x3e0 ./drivers/fsl_flexspi_edma.o
                0x200024e0                FLEXSPI_TransferEDMA
 .text.FLEXSPI_TransferAbortEDMA
                0x200028c0       0x68 ./drivers/fsl_flexspi_edma.o
                0x200028c0                FLEXSPI_TransferAbortEDMA
 .text.FLEXSPI_EnableTxDMA
                0x20002928       0x40 ./drivers/fsl_flexspi_edma.o
 .text.FLEXSPI_EnableRxDMA
                0x20002968       0x40 ./drivers/fsl_flexspi_edma.o
 .text.FLEXSPI_GetTxFifoAddress
                0x200029a8       0x1a ./drivers/fsl_flexspi_edma.o
 .text.FLEXSPI_GetRxFifoAddress
                0x200029c2       0x1a ./drivers/fsl_flexspi_edma.o
 .text.FLEXSPI_GetBusIdleStatus
                0x200029dc       0x3c ./drivers/fsl_flexspi_edma.o
 .text.FLEXSPI_CalculatePower
                0x20002a18       0x34 ./drivers/fsl_flexspi_edma.o
 .text.FLEXSPI_TransferEDMACallback
                0x20002a4c       0x6c ./drivers/fsl_flexspi_edma.o
 .text.FLEXSPI_TransferEDMACallback.__stub
                0x20002ab8       0x18 linker stubs
 *(SORT_BY_ALIGNMENT(.data*))
 .data.deviceconfig
                0x20002ad0       0x20 ./source/flexspi_nor_edma_transfer.o
                0x20002ad0                deviceconfig
 .data.SystemCoreClock
                0x20002af0        0x4 ./device/system_MIMXRT1011.o
                0x20002af0                SystemCoreClock
 .data.error_signal
                0x20002af4        0x1 ./source/flexspi_nor_edma_transfer.o
                0x20002af4                error_signal
                0x20002b00                . = ALIGN (0x80)
 *fill*         0x20002af5        0xb ff
                0x20002b00                __VECTOR_RAM = .
                0x20002b00                __interrupts_ram_start__ = .
 *(SORT_BY_ALIGNMENT(.m_interrupts_ram))
                0x20002c80                . = (. + M_VECTOR_RAM_SIZE)
 *fill*         0x20002b00      0x180 ff
                0x20002c80                . = ALIGN (0x4)
                0x20002c80                __interrupts_ram_end__ = .
                0x20002c80                _edata = .
                0x60002000                __VECTOR_TABLE = __vectors_start__
                0x00000180                __RAM_VECTOR_TABLE_SIZE_BYTES = (__interrupts_ram_end__ - __interrupts_ram_start__)

.igot.plt       0x20002c80        0x0 load address 0x6000acd4
 .igot.plt      0x20002c80        0x0 ./xip/evkmimxrt1010_flexspi_nor_config.o

.bss_RAM2       0x00000000        0x0
                [!provide]                PROVIDE (__start_bss_RAM2 = .)
                [!provide]                PROVIDE (__start_bss_SRAM_ITC = .)
 *(SORT_BY_ALIGNMENT(.bss.$RAM2))
 *(SORT_BY_ALIGNMENT(.bss.$SRAM_ITC))
 *(SORT_BY_ALIGNMENT(.bss.$RAM2.*))
 *(SORT_BY_ALIGNMENT(.bss.$SRAM_ITC.*))
                0x00000000                . = ALIGN ((. != 0x0)?0x4:0x1)
                [!provide]                PROVIDE (__end_bss_RAM2 = .)
                [!provide]                PROVIDE (__end_bss_SRAM_ITC = .)

.bss_RAM3       0x20200000        0x0
                [!provide]                PROVIDE (__start_bss_RAM3 = .)
                [!provide]                PROVIDE (__start_bss_SRAM_OC = .)
 *(SORT_BY_ALIGNMENT(.bss.$RAM3))
 *(SORT_BY_ALIGNMENT(.bss.$SRAM_OC))
 *(SORT_BY_ALIGNMENT(.bss.$RAM3.*))
 *(SORT_BY_ALIGNMENT(.bss.$SRAM_OC.*))
                0x20200000                . = ALIGN ((. != 0x0)?0x4:0x1)
                [!provide]                PROVIDE (__end_bss_RAM3 = .)
                [!provide]                PROVIDE (__end_bss_SRAM_OC = .)

.bss_RAM4       0x20210000        0x0
                [!provide]                PROVIDE (__start_bss_RAM4 = .)
                [!provide]                PROVIDE (__start_bss_NCACHE_REGION = .)
 *(SORT_BY_ALIGNMENT(.bss.$RAM4))
 *(SORT_BY_ALIGNMENT(.bss.$NCACHE_REGION))
 *(SORT_BY_ALIGNMENT(.bss.$RAM4.*))
 *(SORT_BY_ALIGNMENT(.bss.$NCACHE_REGION.*))
                0x20210000                . = ALIGN ((. != 0x0)?0x4:0x1)
                [!provide]                PROVIDE (__end_bss_RAM4 = .)
                [!provide]                PROVIDE (__end_bss_NCACHE_REGION = .)

.bss            0x20002c80      0xae8
                0x20002c80                _bss = .
                [!provide]                PROVIDE (__start_bss_RAM = .)
                [!provide]                PROVIDE (__start_bss_SRAM_DTC = .)
 *(SORT_BY_ALIGNMENT(NonCacheable))
 NonCacheable   0x20002c80      0x132 ./source/flexspi_nor_edma_transfer.o
 *(SORT_BY_ALIGNMENT(.bss*))
 *fill*         0x20002db2        0x2 
 .bss.s_debugConsoleState
                0x20002db4       0x20 ./utilities/fsl_debug_console.o
 .bss.g_serialHandle
                0x20002dd4        0x4 ./utilities/fsl_debug_console.o
                0x20002dd4                g_serialHandle
 .bss.s_nor_read_buffer
                0x20002dd8      0x100 ./source/flexspi_nor_edma_transfer.o
 .bss.s_nor_read_cmd_buffer
                0x20002ed8       0x32 ./source/flexspi_nor_edma_transfer.o
 *fill*         0x20002f0a        0x2 
 .bss.dmaTxHandle
                0x20002f0c       0x18 ./source/flexspi_nor_edma_transfer.o
                0x20002f0c                dmaTxHandle
 .bss.dmaRxHandle
                0x20002f24       0x18 ./source/flexspi_nor_edma_transfer.o
                0x20002f24                dmaRxHandle
 .bss.demoRingBuffer
                0x20002f3c       0x10 ./source/flexspi_nor_edma_transfer.o
                0x20002f3c                demoRingBuffer
 .bss.sequenceBuffer
                0x20002f4c       0x10 ./source/flexspi_nor_edma_transfer.o
                0x20002f4c                sequenceBuffer
 .bss.dataStore
                0x20002f5c      0x640 ./source/flexspi_nor_edma_transfer.o
                0x20002f5c                dataStore
 .bss.sizeSequence
                0x2000359c       0x64 ./source/flexspi_nor_edma_transfer.o
                0x2000359c                sizeSequence
 .bss.actual_pos
                0x20003600        0xc ./source/flexspi_nor_edma_transfer.o
                0x20003600                actual_pos
 .bss.request_pos
                0x2000360c        0xc ./source/flexspi_nor_edma_transfer.o
                0x2000360c                request_pos
 .bss.flexspiHandle
                0x20003618       0x1c ./source/flexspi_nor_flash_ops.o
 .bss.g_xtalFreq
                0x20003634        0x4 ./drivers/fsl_clock.o
                0x20003634                g_xtalFreq
 .bss.g_rtcXtalFreq
                0x20003638        0x4 ./drivers/fsl_clock.o
                0x20003638                g_rtcXtalFreq
 .bss.s_EDMAHandle
                0x2000363c       0x40 ./drivers/fsl_edma.o
 .bss.s_flexspiHandle
                0x2000367c        0x4 ./drivers/fsl_flexspi.o
 .bss.s_flexspiIsr
                0x20003680        0x4 ./drivers/fsl_flexspi.o
 .bss.s_edmaPrivateHandle
                0x20003684        0x8 ./drivers/fsl_flexspi_edma.o
 .bss.s_lpuartHandle
                0x2000368c       0x14 ./drivers/fsl_lpuart.o
 .bss.s_lpuartIsr
                0x200036a0        0x4 ./drivers/fsl_lpuart.o
 .bss.errno     0x200036a4        0x4 c:/nxp/mcuxpressoide_11.3.0_5222/ide/plugins/com.nxp.mcuxpresso.tools.win32_11.3.0.202008311133/tools/bin/../lib/gcc/arm-none-eabi/9.3.1/../../../../arm-none-eabi/lib/thumb/v7e-m+fp/hard\libcr_c.a(errno.o)
                0x200036a4                errno
 .bss.__Ciob    0x200036a8       0xb4 c:/nxp/mcuxpressoide_11.3.0_5222/ide/plugins/com.nxp.mcuxpresso.tools.win32_11.3.0.202008311133/tools/bin/../lib/gcc/arm-none-eabi/9.3.1/../../../../arm-none-eabi/lib/thumb/v7e-m+fp/hard\libcr_nohost_nf.a(__ciob.o)
                0x200036a8                __Ciob
 .bss.txIndex   0x2000375c        0x2 ./source/flexspi_nor_edma_transfer.o
                0x2000375c                txIndex
 .bss.rxIndex   0x2000375e        0x2 ./source/flexspi_nor_edma_transfer.o
                0x2000375e                rxIndex
 .bss.storeIndex
                0x20003760        0x2 ./source/flexspi_nor_edma_transfer.o
                0x20003760                storeIndex
 .bss.s_debugConsoleReadWaitSemaphore
                0x20003762        0x1 ./utilities/fsl_debug_console.o
 .bss.store_flash_signal
                0x20003763        0x1 ./source/flexspi_nor_edma_transfer.o
                0x20003763                store_flash_signal
 .bss.g_completionFlag
                0x20003764        0x1 ./source/flexspi_nor_flash_ops.o
 .bss.startInstanceNum.9034
                0x20003765        0x1 ./drivers/fsl_edma.o
 *(SORT_BY_ALIGNMENT(COMMON))
                0x20003768                . = ALIGN (0x4)
 *fill*         0x20003766        0x2 
                0x20003768                _ebss = .
                [!provide]                PROVIDE (__end_bss_RAM = .)
                [!provide]                PROVIDE (__end_bss_SRAM_DTC = .)
                [!provide]                PROVIDE (end = .)

.noinit_RAM2    0x00000000        0x0
                [!provide]                PROVIDE (__start_noinit_RAM2 = .)
                [!provide]                PROVIDE (__start_noinit_SRAM_ITC = .)
 *(SORT_BY_ALIGNMENT(.noinit.$RAM2))
 *(SORT_BY_ALIGNMENT(.noinit.$SRAM_ITC))
 *(SORT_BY_ALIGNMENT(.noinit.$RAM2.*))
 *(SORT_BY_ALIGNMENT(.noinit.$SRAM_ITC.*))
                0x00000000                . = ALIGN (0x4)
                [!provide]                PROVIDE (__end_noinit_RAM2 = .)
                [!provide]                PROVIDE (__end_noinit_SRAM_ITC = .)

.noinit_RAM3    0x20200000        0x0
                [!provide]                PROVIDE (__start_noinit_RAM3 = .)
                [!provide]                PROVIDE (__start_noinit_SRAM_OC = .)
 *(SORT_BY_ALIGNMENT(.noinit.$RAM3))
 *(SORT_BY_ALIGNMENT(.noinit.$SRAM_OC))
 *(SORT_BY_ALIGNMENT(.noinit.$RAM3.*))
 *(SORT_BY_ALIGNMENT(.noinit.$SRAM_OC.*))
                0x20200000                . = ALIGN (0x4)
                [!provide]                PROVIDE (__end_noinit_RAM3 = .)
                [!provide]                PROVIDE (__end_noinit_SRAM_OC = .)

.noinit_RAM4    0x20210000        0x0
                [!provide]                PROVIDE (__start_noinit_RAM4 = .)
                [!provide]                PROVIDE (__start_noinit_NCACHE_REGION = .)
 *(SORT_BY_ALIGNMENT(.noinit.$RAM4))
 *(SORT_BY_ALIGNMENT(.noinit.$NCACHE_REGION))
 *(SORT_BY_ALIGNMENT(.noinit.$RAM4.*))
 *(SORT_BY_ALIGNMENT(.noinit.$NCACHE_REGION.*))
                0x20210000                . = ALIGN (0x4)
                [!provide]                PROVIDE (__end_noinit_RAM4 = .)
                [!provide]                PROVIDE (__end_noinit_NCACHE_REGION = .)

.noinit         0x20003768        0x0
                0x20003768                _noinit = .
                [!provide]                PROVIDE (__start_noinit_RAM = .)
                [!provide]                PROVIDE (__start_noinit_SRAM_DTC = .)
 *(SORT_BY_ALIGNMENT(.noinit*))
                0x20003768                . = ALIGN (0x4)
                0x20003768                _end_noinit = .
                [!provide]                PROVIDE (__end_noinit_RAM = .)
                [!provide]                PROVIDE (__end_noinit_SRAM_DTC = .)
                0x00000800                _HeapSize = 0x800

.heap           0x20003768      0x800
                0x20003768                _pvHeapStart = .
                0x20003f68                . = (. + _HeapSize)
 *fill*         0x20003768      0x800 
                0x20003f68                . = ALIGN (0x4)
                0x20003f68                _pvHeapLimit = .
                0x00000800                _StackSize = 0x800

.heap2stackfill
                0x20003f68      0x800
                0x20004768                . = (. + _StackSize)
 *fill*         0x20003f68      0x800 

.stack          0x20007800        0x0
                0x20007800                _vStackBase = .
                0x20007800                . = ALIGN (0x4)
                0x20008000                _vStackTop = (. + _StackSize)
                0x60002000                _image_start = LOADADDR (.text)
                0x6000acd4                _image_end = (LOADADDR (.data) + SIZEOF (.data))
                0x00008cd4                _image_size = (_image_end - _image_start)
OUTPUT(evkmimxrt1010_flexspi_nor_edma_transfer__basic.axf elf32-littlearm)
LOAD linker stubs

.debug_info     0x00000000    0x185eb
 .debug_info    0x00000000      0x812 ./xip/evkmimxrt1010_flexspi_nor_config.o
 .debug_info    0x00000812      0x5fb ./xip/fsl_flexspi_nor_boot.o
 .debug_info    0x00000e0d      0x150 ./utilities/fsl_assert.o
 .debug_info    0x00000f5d      0xbb1 ./utilities/fsl_debug_console.o
 .debug_info    0x00001b0e      0xb38 ./utilities/fsl_str.o
 .debug_info    0x00002646      0x867 ./startup/startup_mimxrt1011.o
 .debug_info    0x00002ead     0x2e70 ./source/flexspi_nor_edma_transfer.o
 .debug_info    0x00005d1d     0x1f8b ./source/flexspi_nor_flash_ops.o
 .debug_info    0x00007ca8       0x3c ./source/semihost_hardfault.o
 .debug_info    0x00007ce4      0x903 ./drivers/fsl_cache.o
 .debug_info    0x000085e7     0x206e ./drivers/fsl_clock.o
 .debug_info    0x0000a655      0xa4d ./drivers/fsl_common.o
 .debug_info    0x0000b0a2      0x96b ./drivers/fsl_dmamux.o
 .debug_info    0x0000ba0d     0x2629 ./drivers/fsl_edma.o
 .debug_info    0x0000e036     0x1e5e ./drivers/fsl_flexspi.o
 .debug_info    0x0000fe94     0x1350 ./drivers/fsl_flexspi_edma.o
 .debug_info    0x000111e4     0x2007 ./drivers/fsl_lpuart.o
 .debug_info    0x000131eb      0xc86 ./device/system_MIMXRT1011.o
 .debug_info    0x00013e71      0xab8 ./component/uart/fsl_adapter_lpuart.o
 .debug_info    0x00014929      0x962 ./component/serial_manager/fsl_component_serial_manager.o
 .debug_info    0x0001528b      0x4f1 ./component/serial_manager/fsl_component_serial_port_uart.o
 .debug_info    0x0001577c     0x12e1 ./board/board.o
 .debug_info    0x00016a5d     0x14de ./board/clock_config.o
 .debug_info    0x00017f3b      0x6b0 ./board/pin_mux.o

.debug_abbrev   0x00000000     0x3771
 .debug_abbrev  0x00000000      0x14c ./xip/evkmimxrt1010_flexspi_nor_config.o
 .debug_abbrev  0x0000014c      0x13f ./xip/fsl_flexspi_nor_boot.o
 .debug_abbrev  0x0000028b       0xcd ./utilities/fsl_assert.o
 .debug_abbrev  0x00000358      0x251 ./utilities/fsl_debug_console.o
 .debug_abbrev  0x000005a9      0x26c ./utilities/fsl_str.o
 .debug_abbrev  0x00000815      0x147 ./startup/startup_mimxrt1011.o
 .debug_abbrev  0x0000095c      0x464 ./source/flexspi_nor_edma_transfer.o
 .debug_abbrev  0x00000dc0      0x3a9 ./source/flexspi_nor_flash_ops.o
 .debug_abbrev  0x00001169       0x31 ./source/semihost_hardfault.o
 .debug_abbrev  0x0000119a      0x1fa ./drivers/fsl_cache.o
 .debug_abbrev  0x00001394      0x30a ./drivers/fsl_clock.o
 .debug_abbrev  0x0000169e      0x322 ./drivers/fsl_common.o
 .debug_abbrev  0x000019c0      0x1c3 ./drivers/fsl_dmamux.o
 .debug_abbrev  0x00001b83      0x40e ./drivers/fsl_edma.o
 .debug_abbrev  0x00001f91      0x347 ./drivers/fsl_flexspi.o
 .debug_abbrev  0x000022d8      0x325 ./drivers/fsl_flexspi_edma.o
 .debug_abbrev  0x000025fd      0x370 ./drivers/fsl_lpuart.o
 .debug_abbrev  0x0000296d      0x1be ./device/system_MIMXRT1011.o
 .debug_abbrev  0x00002b2b      0x1c3 ./component/uart/fsl_adapter_lpuart.o
 .debug_abbrev  0x00002cee      0x26f ./component/serial_manager/fsl_component_serial_manager.o
 .debug_abbrev  0x00002f5d      0x1a0 ./component/serial_manager/fsl_component_serial_port_uart.o
 .debug_abbrev  0x000030fd      0x2d4 ./board/board.o
 .debug_abbrev  0x000033d1      0x218 ./board/clock_config.o
 .debug_abbrev  0x000035e9      0x188 ./board/pin_mux.o

.debug_aranges  0x00000000      0xfc0
 .debug_aranges
                0x00000000       0x18 ./xip/evkmimxrt1010_flexspi_nor_config.o
 .debug_aranges
                0x00000018       0x18 ./xip/fsl_flexspi_nor_boot.o
 .debug_aranges
                0x00000030       0x20 ./utilities/fsl_assert.o
 .debug_aranges
                0x00000050       0x98 ./utilities/fsl_debug_console.o
 .debug_aranges
                0x000000e8       0xb8 ./utilities/fsl_str.o
 .debug_aranges
                0x000001a0      0x300 ./startup/startup_mimxrt1011.o
 .debug_aranges
                0x000004a0       0xd0 ./source/flexspi_nor_edma_transfer.o
 .debug_aranges
                0x00000570       0x98 ./source/flexspi_nor_flash_ops.o
 .debug_aranges
                0x00000608       0x20 ./source/semihost_hardfault.o
 .debug_aranges
                0x00000628       0x58 ./drivers/fsl_cache.o
 .debug_aranges
                0x00000680      0x160 ./drivers/fsl_clock.o
 .debug_aranges
                0x000007e0       0x50 ./drivers/fsl_common.o
 .debug_aranges
                0x00000830       0x48 ./drivers/fsl_dmamux.o
 .debug_aranges
                0x00000878      0x200 ./drivers/fsl_edma.o
 .debug_aranges
                0x00000a78       0xf8 ./drivers/fsl_flexspi.o
 .debug_aranges
                0x00000b70       0x78 ./drivers/fsl_flexspi_edma.o
 .debug_aranges
                0x00000be8      0x160 ./drivers/fsl_lpuart.o
 .debug_aranges
                0x00000d48       0x30 ./device/system_MIMXRT1011.o
 .debug_aranges
                0x00000d78       0x50 ./component/uart/fsl_adapter_lpuart.o
 .debug_aranges
                0x00000dc8       0x98 ./component/serial_manager/fsl_component_serial_manager.o
 .debug_aranges
                0x00000e60       0x48 ./component/serial_manager/fsl_component_serial_port_uart.o
 .debug_aranges
                0x00000ea8       0x60 ./board/board.o
 .debug_aranges
                0x00000f08       0x70 ./board/clock_config.o
 .debug_aranges
                0x00000f78       0x48 ./board/pin_mux.o

.debug_macro    0x00000000    0x1f84e
 .debug_macro   0x00000000      0x12c ./xip/evkmimxrt1010_flexspi_nor_config.o
 .debug_macro   0x0000012c      0xaea ./xip/evkmimxrt1010_flexspi_nor_config.o
 .debug_macro   0x00000c16       0x10 ./xip/evkmimxrt1010_flexspi_nor_config.o
 .debug_macro   0x00000c26      0x12e ./xip/evkmimxrt1010_flexspi_nor_config.o
 .debug_macro   0x00000d54      0x5b3 ./xip/evkmimxrt1010_flexspi_nor_config.o
 .debug_macro   0x00001307       0x22 ./xip/evkmimxrt1010_flexspi_nor_config.o
 .debug_macro   0x00001329       0x16 ./xip/evkmimxrt1010_flexspi_nor_config.o
 .debug_macro   0x0000133f       0x22 ./xip/evkmimxrt1010_flexspi_nor_config.o
 .debug_macro   0x00001361       0x10 ./xip/evkmimxrt1010_flexspi_nor_config.o
 .debug_macro   0x00001371       0x4d ./xip/evkmimxrt1010_flexspi_nor_config.o
 .debug_macro   0x000013be       0x1c ./xip/evkmimxrt1010_flexspi_nor_config.o
 .debug_macro   0x000013da       0x22 ./xip/evkmimxrt1010_flexspi_nor_config.o
 .debug_macro   0x000013fc      0x101 ./xip/evkmimxrt1010_flexspi_nor_config.o
 .debug_macro   0x000014fd     0x1305 ./xip/evkmimxrt1010_flexspi_nor_config.o
 .debug_macro   0x00002802      0x11f ./xip/evkmimxrt1010_flexspi_nor_config.o
 .debug_macro   0x00002921       0x27 ./xip/evkmimxrt1010_flexspi_nor_config.o
 .debug_macro   0x00002948       0x1c ./xip/evkmimxrt1010_flexspi_nor_config.o
 .debug_macro   0x00002964    0x19689 ./xip/evkmimxrt1010_flexspi_nor_config.o
 .debug_macro   0x0001bfed      0x5b0 ./xip/evkmimxrt1010_flexspi_nor_config.o
 .debug_macro   0x0001c59d      0x116 ./xip/evkmimxrt1010_flexspi_nor_config.o
 .debug_macro   0x0001c6b3      0x1b6 ./xip/evkmimxrt1010_flexspi_nor_config.o
 .debug_macro   0x0001c869      0x1a4 ./xip/evkmimxrt1010_flexspi_nor_config.o
 .debug_macro   0x0001ca0d      0x153 ./xip/fsl_flexspi_nor_boot.o
 .debug_macro   0x0001cb60       0xca ./xip/fsl_flexspi_nor_boot.o
 .debug_macro   0x0001cc2a       0x10 ./xip/fsl_flexspi_nor_boot.o
 .debug_macro   0x0001cc3a      0x15a ./xip/fsl_flexspi_nor_boot.o
 .debug_macro   0x0001cd94       0x7c ./xip/fsl_flexspi_nor_boot.o
 .debug_macro   0x0001ce10      0x146 ./utilities/fsl_assert.o
 .debug_macro   0x0001cf56       0x1c ./utilities/fsl_assert.o
 .debug_macro   0x0001cf72       0x52 ./utilities/fsl_assert.o
 .debug_macro   0x0001cfc4       0x34 ./utilities/fsl_assert.o
 .debug_macro   0x0001cff8       0x10 ./utilities/fsl_assert.o
 .debug_macro   0x0001d008       0x66 ./utilities/fsl_assert.o
 .debug_macro   0x0001d06e       0x2e ./utilities/fsl_assert.o
 .debug_macro   0x0001d09c      0x1be ./utilities/fsl_debug_console.o
 .debug_macro   0x0001d25a       0x16 ./utilities/fsl_debug_console.o
 .debug_macro   0x0001d270       0x10 ./utilities/fsl_debug_console.o
 .debug_macro   0x0001d280       0x28 ./utilities/fsl_debug_console.o
 .debug_macro   0x0001d2a8       0x50 ./utilities/fsl_debug_console.o
 .debug_macro   0x0001d2f8       0x34 ./utilities/fsl_debug_console.o
 .debug_macro   0x0001d32c      0x145 ./utilities/fsl_str.o
 .debug_macro   0x0001d471       0xc4 ./utilities/fsl_str.o
 .debug_macro   0x0001d535       0x1c ./utilities/fsl_str.o
 .debug_macro   0x0001d551      0x1c7 ./utilities/fsl_str.o
 .debug_macro   0x0001d718       0x56 ./utilities/fsl_str.o
 .debug_macro   0x0001d76e       0x29 ./startup/startup_mimxrt1011.o
 .debug_macro   0x0001d797      0x2c3 ./source/flexspi_nor_edma_transfer.o
 .debug_macro   0x0001da5a       0x16 ./source/flexspi_nor_edma_transfer.o
 .debug_macro   0x0001da70       0x1c ./source/flexspi_nor_edma_transfer.o
 .debug_macro   0x0001da8c       0x16 ./source/flexspi_nor_edma_transfer.o
 .debug_macro   0x0001daa2       0x10 ./source/flexspi_nor_edma_transfer.o
 .debug_macro   0x0001dab2       0xbe ./source/flexspi_nor_edma_transfer.o
 .debug_macro   0x0001db70       0x10 ./source/flexspi_nor_edma_transfer.o
 .debug_macro   0x0001db80       0x16 ./source/flexspi_nor_edma_transfer.o
 .debug_macro   0x0001db96       0xd0 ./source/flexspi_nor_edma_transfer.o
 .debug_macro   0x0001dc66       0x16 ./source/flexspi_nor_edma_transfer.o
 .debug_macro   0x0001dc7c      0x7ff ./source/flexspi_nor_edma_transfer.o
 .debug_macro   0x0001e47b      0x15d ./source/flexspi_nor_flash_ops.o
 .debug_macro   0x0001e5d8       0x11 ./source/semihost_hardfault.o
 .debug_macro   0x0001e5e9      0x127 ./drivers/fsl_cache.o
 .debug_macro   0x0001e710      0x117 ./drivers/fsl_clock.o
 .debug_macro   0x0001e827      0x123 ./drivers/fsl_common.o
 .debug_macro   0x0001e94a      0x127 ./drivers/fsl_dmamux.o
 .debug_macro   0x0001ea71      0x12c ./drivers/fsl_edma.o
 .debug_macro   0x0001eb9d       0x10 ./drivers/fsl_edma.o
 .debug_macro   0x0001ebad      0x137 ./drivers/fsl_flexspi.o
 .debug_macro   0x0001ece4      0x147 ./drivers/fsl_flexspi_edma.o
 .debug_macro   0x0001ee2b      0x126 ./drivers/fsl_lpuart.o
 .debug_macro   0x0001ef51       0x10 ./drivers/fsl_lpuart.o
 .debug_macro   0x0001ef61       0xa7 ./device/system_MIMXRT1011.o
 .debug_macro   0x0001f008      0x139 ./component/uart/fsl_adapter_lpuart.o
 .debug_macro   0x0001f141       0x2e ./component/uart/fsl_adapter_lpuart.o
 .debug_macro   0x0001f16f      0x183 ./component/serial_manager/fsl_component_serial_manager.o
 .debug_macro   0x0001f2f2       0x4c ./component/serial_manager/fsl_component_serial_manager.o
 .debug_macro   0x0001f33e      0x153 ./component/serial_manager/fsl_component_serial_port_uart.o
 .debug_macro   0x0001f491      0x170 ./board/board.o
 .debug_macro   0x0001f601      0x129 ./board/clock_config.o
 .debug_macro   0x0001f72a      0x124 ./board/pin_mux.o

.debug_line     0x00000000     0xd1fe