core_cm7.h:1902:22:__NVIC_EnableIRQ	16	static
fsl_clock.h:893:20:CLOCK_ControlGate	32	static
fsl_clock.h:910:20:CLOCK_EnableClock	16	static
fsl_clock.h:920:20:CLOCK_DisableClock	16	static
fsl_common.h:747:28:EnableIRQ	24	static
fsl_lpuart.h:281:20:LPUART_SoftwareReset	16	static
fsl_lpuart.h:655:20:LPUART_WriteByte	16	static
fsl_lpuart.c:107:6:add_on_LPUART_Write_StringNonBlocking	24	static
fsl_lpuart.c:120:10:LPUART_GetInstance	24	static
fsl_lpuart.c:144:8:LPUART_TransferGetRxRingBufferLength	32	static
fsl_lpuart.c:165:13:LPUART_TransferIsRxRingBufferFull	24	static
fsl_lpuart.c:182:13:LPUART_WriteNonBlocking	32	static
fsl_lpuart.c:196:13:LPUART_ReadNonBlocking	40	static
fsl_lpuart.c:250:10:LPUART_Init	56	static
fsl_lpuart.c:462:6:LPUART_Deinit	24	static
fsl_lpuart.c:526:6:LPUART_GetDefaultConfig	16	static
fsl_lpuart.c:571:10:LPUART_SetBaudRate	56	static
fsl_lpuart.c:659:6:LPUART_Enable9bitMode	24	static
fsl_lpuart.c:693:6:LPUART_SendAddress	24	static
fsl_lpuart.c:715:6:LPUART_EnableInterrupts	16	static
fsl_lpuart.c:739:6:LPUART_DisableInterrupts	16	static
fsl_lpuart.c:770:10:LPUART_GetEnabledInterrupts	24	static
fsl_lpuart.c:799:10:LPUART_GetStatusFlags	24	static
fsl_lpuart.c:830:10:LPUART_ClearStatusFlags	24	static
fsl_lpuart.c:883:10:LPUART_WriteBlocking	32	static
fsl_lpuart.c:948:10:LPUART_ReadBlocking	48	static
fsl_lpuart.c:1067:6:LPUART_TransferCreateHandle	40	static
fsl_lpuart.c:1132:6:LPUART_TransferStartRingBuffer	24	static
fsl_lpuart.c:1159:6:LPUART_TransferStopRingBuffer	16	static
fsl_lpuart.c:1194:10:LPUART_TransferSendNonBlocking	32	static
fsl_lpuart.c:1233:6:LPUART_TransferAbortSend	16	static
fsl_lpuart.c:1256:10:LPUART_TransferGetSendCount	32	static
fsl_lpuart.c:1314:10:LPUART_TransferReceiveNonBlocking	56	static
fsl_lpuart.c:1441:6:LPUART_TransferAbortReceive	16	static
fsl_lpuart.c:1470:10:LPUART_TransferGetReceiveCount	32	static
fsl_lpuart.c:1498:6:LPUART_TransferHandleIRQ	48	static
fsl_lpuart.c:1733:6:LPUART_TransferHandleErrorIRQ	16	static
fsl_lpuart.c:1828:6:LPUART1_DriverIRQHandler	8	static
fsl_lpuart.c:1853:6:LPUART2_DriverIRQHandler	8	static
fsl_lpuart.c:1877:6:LPUART3_DriverIRQHandler	8	static
fsl_lpuart.c:1901:6:LPUART4_DriverIRQHandler	8	static
