core_cm7.h:1902:22:__NVIC_EnableIRQ	16	static
fsl_clock.h:893:20:CLOCK_ControlGate	32	static
fsl_clock.h:910:20:CLOCK_EnableClock	16	static
fsl_common.h:747:28:EnableIRQ	24	static
fsl_dmamux.h:75:20:DMAMUX_EnableChannel	16	static
fsl_dmamux.h:109:20:DMAMUX_SetSource	24	static
fsl_lpuart.h:655:20:LPUART_WriteByte	16	static
fsl_lpuart.h:669:23:LPUART_ReadByte	32	static
fsl_iomuxc.h:443:20:IOMUXC_SetPinMux	24	static
fsl_iomuxc.h:475:20:IOMUXC_SetPinConfig	24	static
flexspi_nor_edma_transfer.c:140:6:LPUART1_IRQHandler	16	static
flexspi_nor_edma_transfer.c:248:6:BOARD_InitPins_UART4	16	static
flexspi_nor_edma_transfer.c:268:6:initSeq_ARM	32	static
flexspi_nor_edma_transfer.c:298:22:mapper_for_ARM	176	static
flexspi_nor_edma_transfer.c:543:6:convert_pos_toString	40	static
flexspi_nor_edma_transfer.c:576:6:save_sequence_dataStore	32	static
flexspi_nor_edma_transfer.c:586:6:send_info_seq	96	dynamic
flexspi_nor_edma_transfer.c:620:6:error_management	24	static
flexspi_nor_edma_transfer.c:656:9:consumer_fn	32	static
flexspi_nor_edma_transfer.c:710:9:control_arm_AL5D	16	static
flexspi_nor_edma_transfer.c:725:9:store_buffer_SPI	24	static
flexspi_nor_edma_transfer.c:820:6:read_buffer_SPI	8	static
flexspi_nor_edma_transfer.c:833:5:main	48	static
